{"Name":"haskell-hello-world","Type":"HaskellPackage","Repo":"github.com/sgtest/haskell-hello-world","Globs":["src/**/*.hs"],"Files":["src/Main.hs"],"Dir":".","Dependencies":["base"],"Data":{"Dirs":["src"],"Path":"haskell-hello-world.cabal"},"Ops":{"depresolve":{"Toolchain":"sourcegraph.com/sourcegraph/srclib-haskell","Subcmd":"depresolve"},"graph":{"Toolchain":"sourcegraph.com/sourcegraph/srclib-haskell","Subcmd":"graph"}}}
