{
  "Defs": [
    {
      "Path": "Main",
      "TreePath": "Main",
      "Name": "Main",
      "Kind": "Module",
      "File": "/tmp/fuckeverything/build/tmp-5094/src/Main.hs",
      "DefStart": 0,
      "DefEnd": 0,
      "Exported": true
    },
    {
      "Path": "Main/main",
      "TreePath": "Main/main",
      "Name": "main",
      "Kind": "Value",
      "File": "\u003cunknown\u003e",
      "DefStart": 0,
      "DefEnd": 0,
      "Exported": true
    }
  ]
}