{"Name":"haskell-hello-world","Type":"HaskellPackage","Repo":"github.com/sgtest/haskell-simple-tests","Globs":["sub-unit/src/**/*.hs"],"Files":["sub-unit/src/Main.hs"],"Dir":"sub-unit","Dependencies":[["base","\u003e=4.7 \u0026\u0026 \u003c4.8"]],"Data":{"CabalFile":"sub-unit/haskell-hello-world.cabal","Dirs":["sub-unit/src"],"Rev":""},"Ops":{"depresolve":{"Toolchain":"sourcegraph.com/sourcegraph/srclib-haskell","Subcmd":"depresolve"},"graph":{"Toolchain":"sourcegraph.com/sourcegraph/srclib-haskell","Subcmd":"graph"}}}
