{
  "Defs": [
    {
      "Path": "Control/DeepSeq",
      "TreePath": "Control/DeepSeq",
      "Name": "Control.DeepSeq",
      "Kind": "Module",
      "File": "./Control/DeepSeq.hs",
      "DefStart": 0,
      "DefEnd": 0,
      "Exported": true
    },
    {
      "Path": "Control/DeepSeq/$!!",
      "TreePath": "Control/DeepSeq/$!!",
      "Name": "$!!",
      "Kind": "Value",
      "File": "./Control/DeepSeq.hs",
      "DefStart": 0,
      "DefEnd": 0,
      "Exported": true
    },
    {
      "Path": "Control/DeepSeq/NFData",
      "TreePath": "Control/DeepSeq/NFData",
      "Name": "NFData",
      "Kind": "Value",
      "File": "./Control/DeepSeq.hs",
      "DefStart": 0,
      "DefEnd": 0,
      "Exported": true
    },
    {
      "Path": "Control/DeepSeq/deepseq",
      "TreePath": "Control/DeepSeq/deepseq",
      "Name": "deepseq",
      "Kind": "Value",
      "File": "./Control/DeepSeq.hs",
      "DefStart": 0,
      "DefEnd": 0,
      "Exported": true
    },
    {
      "Path": "Control/DeepSeq/force",
      "TreePath": "Control/DeepSeq/force",
      "Name": "force",
      "Kind": "Value",
      "File": "./Control/DeepSeq.hs",
      "DefStart": 0,
      "DefEnd": 0,
      "Exported": true
    },
    {
      "Path": "Control/DeepSeq/rnf",
      "TreePath": "Control/DeepSeq/rnf",
      "Name": "rnf",
      "Kind": "Value",
      "File": "./Control/DeepSeq.hs",
      "DefStart": 0,
      "DefEnd": 0,
      "Exported": true
    }
  ]
}