{"Name":"deepseq","Type":"HaskellPackage","Repo":"github.com/haskell/deepseq","Globs":["./**/*.hs"],"Files":["./Control/DeepSeq.hs","./Setup.hs","./dist/build/autogen/Paths_deepseq.hs","./tests/Main.hs"],"Dir":".","Dependencies":["base","array","ghc-prim","HUnit","test-framework-hunit","test-framework","base","array"],"Data":{"Dirs":["."],"Path":"deepseq.cabal"},"Ops":{"depresolve":null,"graph":null}}
