[{"Raw":"HUnit","Target":{"ToVersionString":"","ToUnit":"HUnit","ToRepoCloneURL":"","ToRevSpec":"","ToUnitType":"HaskellPackage"}},{"Raw":"array","Target":{"ToVersionString":"","ToUnit":"array","ToRepoCloneURL":"","ToRevSpec":"","ToUnitType":"HaskellPackage"}},{"Raw":"base","Target":{"ToVersionString":"4.7.0.1","ToUnit":"base","ToRepoCloneURL":"github.com/bsummer4/packages-base","ToRevSpec":"3cf9a57876e07b00d3c17683727c4336001ad2c0","ToUnitType":"HaskellPackage"}},{"Raw":"ghc-prim","Target":{"ToVersionString":"","ToUnit":"ghc-prim","ToRepoCloneURL":"","ToRevSpec":"","ToUnitType":"HaskellPackage"}},{"Raw":"test-framework","Target":{"ToVersionString":"","ToUnit":"test-framework","ToRepoCloneURL":"","ToRevSpec":"","ToUnitType":"HaskellPackage"}},{"Raw":"test-framework-hunit","Target":{"ToVersionString":"","ToUnit":"test-framework-hunit","ToRepoCloneURL":"","ToRevSpec":"","ToUnitType":"HaskellPackage"}}]
