{
  "Defs": [
    {
      "Path": "haskell-hello-world/Hello/hello/Value",
      "TreePath": "haskell-hello-world/Hello/hello/Value",
      "Name": "hello",
      "Kind": "Value",
      "File": "src/Hello.hs",
      "DefStart": 19,
      "DefEnd": 50,
      "Exported": true,
      "Local": false
    },
    {
      "Path": "haskell-hello-world/Main/main/Value",
      "TreePath": "haskell-hello-world/Main/main/Value",
      "Name": "main",
      "Kind": "Value",
      "File": "src/Main.hs",
      "DefStart": 43,
      "DefEnd": 61,
      "Exported": true,
      "Local": false
    }
  ],
  "Refs": [
    {
      "DefRepo": "",
      "DefUnitType": "HaskellPackage",
      "DefUnit": "",
      "DefPath": "haskell-hello-world/Hello/hello/Value",
      "Def": true,
      "Repo": "",
      "File": "src/Hello.hs",
      "Start": 19,
      "End": 24
    },
    {
      "DefRepo": "",
      "DefUnitType": "HaskellPackage",
      "DefUnit": "",
      "DefPath": "haskell-hello-world/Main/main/Value",
      "Def": true,
      "Repo": "",
      "File": "src/Main.hs",
      "Start": 43,
      "End": 47
    }
  ]
}