{"Name":"haskell-hello-world","Type":"HaskellPackage","Repo":"github.com/sgtest/haskell-module-import","Globs":["src/**/*.hs"],"Files":["src/Hello.hs","src/Main.hs"],"Dir":".","Dependencies":[["base","\u003e=4.7 \u0026\u0026 \u003c4.8"]],"Data":{"CabalFile":"haskell-hello-world.cabal","Dirs":["src"]},"Ops":{"depresolve":{"Toolchain":"sourcegraph.com/sourcegraph/srclib-haskell","Subcmd":"depresolve"},"graph":{"Toolchain":"sourcegraph.com/sourcegraph/srclib-haskell","Subcmd":"graph"}}}
