{
  "Defs": [
    {
      "Path": "haskell-hello-world/Main",
      "Name": "Main",
      "Kind": "Module",
      "File": "sub-unit/src/Main.hs",
      "DefStart": 0,
      "DefEnd": 0,
      "Exported": true,
      "TreePath": "haskell-hello-world/Main"
    },
    {
      "Path": "haskell-hello-world/Main/hello/Value",
      "Name": "hello",
      "Kind": "Value",
      "File": "sub-unit/src/Main.hs",
      "DefStart": 52,
      "DefEnd": 83,
      "Exported": true,
      "TreePath": "haskell-hello-world/Main/hello/Value"
    },
    {
      "Path": "haskell-hello-world/Main/main/Value",
      "Name": "main",
      "Kind": "Value",
      "File": "sub-unit/src/Main.hs",
      "DefStart": 98,
      "DefEnd": 110,
      "Exported": true,
      "TreePath": "haskell-hello-world/Main/main/Value"
    }
  ],
  "Refs": [
    {
      "DefRepo": "git.haskell.org/packages/base",
      "DefUnitType": "HaskellPackage",
      "DefUnit": "base",
      "DefPath": "base/System/IO/putStrLn/Value",
      "File": "sub-unit/src/Main.hs",
      "Start": 60,
      "End": 68
    },
    {
      "DefUnitType": "HaskellPackage",
      "DefUnit": "haskell-hello-world",
      "DefPath": "haskell-hello-world/Main/hello/Value",
      "File": "sub-unit/src/Main.hs",
      "Start": 105,
      "End": 110
    },
    {
      "DefUnitType": "HaskellPackage",
      "DefUnit": "haskell-hello-world",
      "DefPath": "haskell-hello-world/Main/hello/Value",
      "File": "sub-unit/src/Main.hs",
      "Start": 47,
      "End": 51
    },
    {
      "DefUnitType": "HaskellPackage",
      "DefUnit": "haskell-hello-world",
      "DefPath": "haskell-hello-world/Main/hello/Value",
      "Def": true,
      "File": "sub-unit/src/Main.hs",
      "Start": 52,
      "End": 57
    },
    {
      "DefUnitType": "HaskellPackage",
      "DefUnit": "haskell-hello-world",
      "DefPath": "haskell-hello-world/Main/main/Value",
      "File": "sub-unit/src/Main.hs",
      "Start": 93,
      "End": 97
    },
    {
      "DefUnitType": "HaskellPackage",
      "DefUnit": "haskell-hello-world",
      "DefPath": "haskell-hello-world/Main/main/Value",
      "Def": true,
      "File": "sub-unit/src/Main.hs",
      "Start": 98,
      "End": 102
    },
    {
      "DefUnitType": "HaskellPackage",
      "DefUnit": "haskell-hello-world",
      "DefPath": "haskell-hello-world/Main",
      "File": "sub-unit/src/Main.hs",
      "Start": 7,
      "End": 11
    }
  ]
}