[{"Raw":["Cabal","-any"],"Target":{"ToVersionString":"-any","ToUnit":"Cabal","ToRepoCloneURL":"","ToRevSpec":"","ToUnitType":"HaskellPackage"}},{"Raw":["QuickCheck",">=2.7 && <2.8"],"Target":{"ToVersionString":">=2.7 && <2.8","ToUnit":"QuickCheck","ToRepoCloneURL":"","ToRevSpec":"","ToUnitType":"HaskellPackage"}},{"Raw":["base","-any"],"Target":{"ToVersionString":"4.7.0.1","ToUnit":"base","ToRepoCloneURL":"git.haskell.org/packages/base.git","ToRevSpec":"ghc-7.8","ToUnitType":"HaskellPackage"}},{"Raw":["base",">=4 && <5"],"Target":{"ToVersionString":"4.7.0.1","ToUnit":"base","ToRepoCloneURL":"git.haskell.org/packages/base.git","ToRevSpec":"ghc-7.8","ToUnitType":"HaskellPackage"}},{"Raw":["deepseq",">=1.1 && <2"],"Target":{"ToVersionString":">=1.1 && <2","ToUnit":"deepseq","ToRepoCloneURL":"","ToRevSpec":"","ToUnitType":"HaskellPackage"}},{"Raw":["dlist","-any"],"Target":{"ToVersionString":"-any","ToUnit":"dlist","ToRepoCloneURL":"","ToRevSpec":"","ToUnitType":"HaskellPackage"}}]
