{
  "Defs": [
    {
      "Path": "dlist/DList/Data/==/Value",
      "TreePath": "dlist/DList/Data/==/Value",
      "Name": "==",
      "Kind": "Value",
      "File": "Data/DList.hs",
      "DefStart": 5520,
      "DefEnd": 5543,
      "Exported": true,
      "Local": false
    },
    {
      "Path": "dlist/DList/Data/DList/Type",
      "TreePath": "dlist/DList/Data/DList/Type",
      "Name": "DList",
      "Kind": "Type",
      "File": "Data/DList.hs",
      "DefStart": 3043,
      "DefEnd": 3086,
      "Exported": true,
      "Local": false
    },
    {
      "Path": "dlist/DList/Data/\u003c*\u003e/Value",
      "TreePath": "dlist/DList/Data/\u003c*\u003e/Value",
      "Name": "\u003c*\u003e",
      "Kind": "Value",
      "File": "Data/DList.hs",
      "DefStart": 6362,
      "DefEnd": 6372,
      "Exported": true,
      "Local": false
    },
    {
      "Path": "dlist/DList/Data/\u003c|\u003e/Value",
      "TreePath": "dlist/DList/Data/\u003c|\u003e/Value",
      "Name": "\u003c|\u003e",
      "Kind": "Value",
      "File": "Data/DList.hs",
      "DefStart": 6429,
      "DefEnd": 6443,
      "Exported": true,
      "Local": false
    },
    {
      "Path": "dlist/DList/Data/\u003e\u003e=/Value",
      "TreePath": "dlist/DList/Data/\u003e\u003e=/Value",
      "Name": "\u003e\u003e=",
      "Kind": "Value",
      "File": "Data/DList.hs",
      "DefStart": 6474,
      "DefEnd": 6765,
      "Exported": true,
      "Local": false
    },
    {
      "Path": "dlist/DList/Data/append/Value",
      "TreePath": "dlist/DList/Data/append/Value",
      "Name": "append",
      "Kind": "Value",
      "File": "Data/DList.hs",
      "DefStart": 4093,
      "DefEnd": 4130,
      "Exported": true,
      "Local": false
    },
    {
      "Path": "dlist/DList/Data/apply/Value",
      "TreePath": "dlist/DList/Data/apply/Value",
      "Name": "apply",
      "Kind": "Value",
      "File": "Data/DList.hs",
      "DefStart": 3462,
      "DefEnd": 3480,
      "Exported": true,
      "Local": false
    },
    {
      "Path": "dlist/DList/Data/compare/Value",
      "TreePath": "dlist/DList/Data/compare/Value",
      "Name": "compare",
      "Kind": "Value",
      "File": "Data/DList.hs",
      "DefStart": 5587,
      "DefEnd": 5616,
      "Exported": true,
      "Local": false
    },
    {
      "Path": "dlist/DList/Data/concat/Value",
      "TreePath": "dlist/DList/Data/concat/Value",
      "Name": "concat",
      "Kind": "Value",
      "File": "Data/DList.hs",
      "DefStart": 4227,
      "DefEnd": 4265,
      "Exported": true,
      "Local": false
    },
    {
      "Path": "dlist/DList/Data/cons/Value",
      "TreePath": "dlist/DList/Data/cons/Value",
      "Name": "cons",
      "Kind": "Value",
      "File": "Data/DList.hs",
      "DefStart": 3809,
      "DefEnd": 3842,
      "Exported": true,
      "Local": false
    },
    {
      "Path": "dlist/DList/Data/empty/Value",
      "TreePath": "dlist/DList/Data/empty/Value",
      "Name": "empty",
      "Kind": "Value",
      "File": "Data/DList.hs",
      "DefStart": 6411,
      "DefEnd": 6424,
      "Exported": true,
      "Local": false
    },
    {
      "Path": "dlist/DList/Data/fail/Value",
      "TreePath": "dlist/DList/Data/fail/Value",
      "Name": "fail",
      "Kind": "Value",
      "File": "Data/DList.hs",
      "DefStart": 6842,
      "DefEnd": 6858,
      "Exported": true,
      "Local": false
    },
    {
      "Path": "dlist/DList/Data/fmap/Value",
      "TreePath": "dlist/DList/Data/fmap/Value",
      "Name": "fmap",
      "Kind": "Value",
      "File": "Data/DList.hs",
      "DefStart": 6270,
      "DefEnd": 6280,
      "Exported": true,
      "Local": false
    },
    {
      "Path": "dlist/DList/Data/fold/Value",
      "TreePath": "dlist/DList/Data/fold/Value",
      "Name": "fold",
      "Kind": "Value",
      "File": "Data/DList.hs",
      "DefStart": 6985,
      "DefEnd": 7015,
      "Exported": true,
      "Local": false
    },
    {
      "Path": "dlist/DList/Data/foldMap/Value",
      "TreePath": "dlist/DList/Data/foldMap/Value",
      "Name": "foldMap",
      "Kind": "Value",
      "File": "Data/DList.hs",
      "DefStart": 7041,
      "DefEnd": 7075,
      "Exported": true,
      "Local": false
    },
    {
      "Path": "dlist/DList/Data/foldl'/Value",
      "TreePath": "dlist/DList/Data/foldl'/Value",
      "Name": "foldl'",
      "Kind": "Value",
      "File": "Data/DList.hs",
      "DefStart": 7550,
      "DefEnd": 7588,
      "Exported": true,
      "Local": false
    },
    {
      "Path": "dlist/DList/Data/foldl/Value",
      "TreePath": "dlist/DList/Data/foldl/Value",
      "Name": "foldl",
      "Kind": "Value",
      "File": "Data/DList.hs",
      "DefStart": 7168,
      "DefEnd": 7205,
      "Exported": true,
      "Local": false
    },
    {
      "Path": "dlist/DList/Data/foldl1/Value",
      "TreePath": "dlist/DList/Data/foldl1/Value",
      "Name": "foldl1",
      "Kind": "Value",
      "File": "Data/DList.hs",
      "DefStart": 7296,
      "DefEnd": 7332,
      "Exported": true,
      "Local": false
    },
    {
      "Path": "dlist/DList/Data/foldr'/Value",
      "TreePath": "dlist/DList/Data/foldr'/Value",
      "Name": "foldr'",
      "Kind": "Value",
      "File": "Data/DList.hs",
      "DefStart": 7616,
      "DefEnd": 7651,
      "Exported": true,
      "Local": false
    },
    {
      "Path": "dlist/DList/Data/foldr/Value",
      "TreePath": "dlist/DList/Data/foldr/Value",
      "Name": "foldr",
      "Kind": "Value",
      "File": "Data/DList.hs",
      "DefStart": 7104,
      "DefEnd": 7141,
      "Exported": true,
      "Local": false
    },
    {
      "Path": "dlist/DList/Data/foldr1/Value",
      "TreePath": "dlist/DList/Data/foldr1/Value",
      "Name": "foldr1",
      "Kind": "Value",
      "File": "Data/DList.hs",
      "DefStart": 7232,
      "DefEnd": 7268,
      "Exported": true,
      "Local": false
    },
    {
      "Path": "dlist/DList/Data/fromList/Value",
      "TreePath": "dlist/DList/Data/fromList/Value",
      "Name": "fromList",
      "Kind": "Value",
      "File": "Data/DList.hs",
      "DefStart": 7984,
      "DefEnd": 8003,
      "Exported": true,
      "Local": false
    },
    {
      "Path": "dlist/DList/Data/fromString/Value",
      "TreePath": "dlist/DList/Data/fromString/Value",
      "Name": "fromString",
      "Kind": "Value",
      "File": "Data/DList.hs",
      "DefStart": 7810,
      "DefEnd": 7831,
      "Exported": true,
      "Local": false
    },
    {
      "Path": "dlist/DList/Data/go/Value",
      "TreePath": "dlist/DList/Data/go/Value",
      "Name": "go",
      "Kind": "Value",
      "File": "Data/DList.hs",
      "DefStart": 4414,
      "DefEnd": 4416,
      "Exported": true,
      "Local": false
    },
    {
      "Path": "dlist/DList/Data/head/Value",
      "TreePath": "dlist/DList/Data/head/Value",
      "Name": "head",
      "Kind": "Value",
      "File": "Data/DList.hs",
      "DefStart": 4812,
      "DefEnd": 4868,
      "Exported": true,
      "Local": false
    },
    {
      "Path": "dlist/DList/Data/list/Value",
      "TreePath": "dlist/DList/Data/list/Value",
      "Name": "list",
      "Kind": "Value",
      "File": "Data/DList.hs",
      "DefStart": 4652,
      "DefEnd": 4790,
      "Exported": true,
      "Local": false
    },
    {
      "Path": "dlist/DList/Data/map/Value",
      "TreePath": "dlist/DList/Data/map/Value",
      "Name": "map",
      "Kind": "Value",
      "File": "Data/DList.hs",
      "DefStart": 5422,
      "DefEnd": 5459,
      "Exported": true,
      "Local": false
    },
    {
      "Path": "dlist/DList/Data/mappend/Value",
      "TreePath": "dlist/DList/Data/mappend/Value",
      "Name": "mappend",
      "Kind": "Value",
      "File": "Data/DList.hs",
      "DefStart": 6219,
      "DefEnd": 6235,
      "Exported": true,
      "Local": false
    },
    {
      "Path": "dlist/DList/Data/mempty/Value",
      "TreePath": "dlist/DList/Data/mempty/Value",
      "Name": "mempty",
      "Kind": "Value",
      "File": "Data/DList.hs",
      "DefStart": 6199,
      "DefEnd": 6214,
      "Exported": true,
      "Local": false
    },
    {
      "Path": "dlist/DList/Data/mplus/Value",
      "TreePath": "dlist/DList/Data/mplus/Value",
      "Name": "mplus",
      "Kind": "Value",
      "File": "Data/DList.hs",
      "DefStart": 6934,
      "DefEnd": 6951,
      "Exported": true,
      "Local": false
    },
    {
      "Path": "dlist/DList/Data/mzero/Value",
      "TreePath": "dlist/DList/Data/mzero/Value",
      "Name": "mzero",
      "Kind": "Value",
      "File": "Data/DList.hs",
      "DefStart": 6915,
      "DefEnd": 6931,
      "Exported": true,
      "Local": false
    },
    {
      "Path": "dlist/DList/Data/pure/Value",
      "TreePath": "dlist/DList/Data/pure/Value",
      "Name": "pure",
      "Kind": "Value",
      "File": "Data/DList.hs",
      "DefStart": 6343,
      "DefEnd": 6357,
      "Exported": true,
      "Local": false
    },
    {
      "Path": "dlist/DList/Data/readListPrec/Value",
      "TreePath": "dlist/DList/Data/readListPrec/Value",
      "Name": "readListPrec",
      "Kind": "Value",
      "File": "Data/DList.hs",
      "DefStart": 5860,
      "DefEnd": 5894,
      "Exported": true,
      "Local": false
    },
    {
      "Path": "dlist/DList/Data/readPrec/Value",
      "TreePath": "dlist/DList/Data/readPrec/Value",
      "Name": "readPrec",
      "Kind": "Value",
      "File": "Data/DList.hs",
      "DefStart": 5752,
      "DefEnd": 5857,
      "Exported": true,
      "Local": false
    },
    {
      "Path": "dlist/DList/Data/replicate/Value",
      "TreePath": "dlist/DList/Data/replicate/Value",
      "Name": "replicate",
      "Kind": "Value",
      "File": "Data/DList.hs",
      "DefStart": 4382,
      "DefEnd": 4535,
      "Exported": true,
      "Local": false
    },
    {
      "Path": "dlist/DList/Data/return/Value",
      "TreePath": "dlist/DList/Data/return/Value",
      "Name": "return",
      "Kind": "Value",
      "File": "Data/DList.hs",
      "DefStart": 6792,
      "DefEnd": 6814,
      "Exported": true,
      "Local": false
    },
    {
      "Path": "dlist/DList/Data/rnf/Value",
      "TreePath": "dlist/DList/Data/rnf/Value",
      "Name": "rnf",
      "Kind": "Value",
      "File": "Data/DList.hs",
      "DefStart": 7730,
      "DefEnd": 7748,
      "Exported": true,
      "Local": false
    },
    {
      "Path": "dlist/DList/Data/showsPrec/Value",
      "TreePath": "dlist/DList/Data/showsPrec/Value",
      "Name": "showsPrec",
      "Kind": "Value",
      "File": "Data/DList.hs",
      "DefStart": 6077,
      "DefEnd": 6161,
      "Exported": true,
      "Local": false
    },
    {
      "Path": "dlist/DList/Data/singleton/Value",
      "TreePath": "dlist/DList/Data/singleton/Value",
      "Name": "singleton",
      "Kind": "Value",
      "File": "Data/DList.hs",
      "DefStart": 3658,
      "DefEnd": 3680,
      "Exported": true,
      "Local": false
    },
    {
      "Path": "dlist/DList/Data/snoc/Value",
      "TreePath": "dlist/DList/Data/snoc/Value",
      "Name": "snoc",
      "Kind": "Value",
      "File": "Data/DList.hs",
      "DefStart": 3965,
      "DefEnd": 3998,
      "Exported": true,
      "Local": false
    },
    {
      "Path": "dlist/DList/Data/tail/Value",
      "TreePath": "dlist/DList/Data/tail/Value",
      "Name": "tail",
      "Kind": "Value",
      "File": "Data/DList.hs",
      "DefStart": 4939,
      "DefEnd": 5002,
      "Exported": true,
      "Local": false
    },
    {
      "Path": "dlist/DList/Data/toList/Value",
      "TreePath": "dlist/DList/Data/toList/Value",
      "Name": "toList",
      "Kind": "Value",
      "File": "Data/DList.hs",
      "DefStart": 8032,
      "DefEnd": 8047,
      "Exported": true,
      "Local": false
    },
    {
      "Path": "dlist/DList/Data/unDL/Value",
      "TreePath": "dlist/DList/Data/unDL/Value",
      "Name": "unDL",
      "Kind": "Value",
      "File": "Data/DList.hs",
      "DefStart": 3066,
      "DefEnd": 3070,
      "Exported": true,
      "Local": false
    },
    {
      "Path": "dlist/DList/Data/unfoldr/Value",
      "TreePath": "dlist/DList/Data/unfoldr/Value",
      "Name": "unfoldr",
      "Kind": "Value",
      "File": "Data/DList.hs",
      "DefStart": 5083,
      "DefEnd": 5222,
      "Exported": true,
      "Local": false
    }
  ],
  "Refs": [
    {
      "DefRepo": "",
      "DefUnitType": "HaskellPackage",
      "DefUnit": "",
      "DefPath": "dlist/DList/Data/\u003c*\u003e/Value",
      "Def": true,
      "Repo": "",
      "File": "Data/DList.hs",
      "Start": 6362,
      "End": 6372
    },
    {
      "DefRepo": "",
      "DefUnitType": "HaskellPackage",
      "DefUnit": "",
      "DefPath": "dlist/DList/Data/\u003c|\u003e/Value",
      "Def": true,
      "Repo": "",
      "File": "Data/DList.hs",
      "Start": 6429,
      "End": 6443
    },
    {
      "DefRepo": "",
      "DefUnitType": "HaskellPackage",
      "DefUnit": "",
      "DefPath": "dlist/DList/Data/==/Value",
      "Def": true,
      "Repo": "",
      "File": "Data/DList.hs",
      "Start": 5520,
      "End": 5543
    },
    {
      "DefRepo": "",
      "DefUnitType": "HaskellPackage",
      "DefUnit": "",
      "DefPath": "dlist/DList/Data/\u003e\u003e=/Value",
      "Def": true,
      "Repo": "",
      "File": "Data/DList.hs",
      "Start": 6474,
      "End": 6765
    },
    {
      "DefRepo": "",
      "DefUnitType": "HaskellPackage",
      "DefUnit": "",
      "DefPath": "dlist/DList/Data/append/Value",
      "Def": true,
      "Repo": "",
      "File": "Data/DList.hs",
      "Start": 4093,
      "End": 4099
    },
    {
      "DefRepo": "",
      "DefUnitType": "HaskellPackage",
      "DefUnit": "",
      "DefPath": "dlist/DList/Data/apply/Value",
      "Def": true,
      "Repo": "",
      "File": "Data/DList.hs",
      "Start": 3462,
      "End": 3467
    },
    {
      "DefRepo": "",
      "DefUnitType": "HaskellPackage",
      "DefUnit": "",
      "DefPath": "dlist/DList/Data/compare/Value",
      "Def": true,
      "Repo": "",
      "File": "Data/DList.hs",
      "Start": 5587,
      "End": 5616
    },
    {
      "DefRepo": "",
      "DefUnitType": "HaskellPackage",
      "DefUnit": "",
      "DefPath": "dlist/DList/Data/concat/Value",
      "Def": true,
      "Repo": "",
      "File": "Data/DList.hs",
      "Start": 4227,
      "End": 4233
    },
    {
      "DefRepo": "",
      "DefUnitType": "HaskellPackage",
      "DefUnit": "",
      "DefPath": "dlist/DList/Data/cons/Value",
      "Def": true,
      "Repo": "",
      "File": "Data/DList.hs",
      "Start": 3809,
      "End": 3813
    },
    {
      "DefRepo": "",
      "DefUnitType": "HaskellPackage",
      "DefUnit": "",
      "DefPath": "dlist/DList/Data/empty/Value",
      "Def": true,
      "Repo": "",
      "File": "Data/DList.hs",
      "Start": 3548,
      "End": 3553
    },
    {
      "DefRepo": "",
      "DefUnitType": "HaskellPackage",
      "DefUnit": "",
      "DefPath": "dlist/DList/Data/empty/Value",
      "Def": true,
      "Repo": "",
      "File": "Data/DList.hs",
      "Start": 6411,
      "End": 6424
    },
    {
      "DefRepo": "",
      "DefUnitType": "HaskellPackage",
      "DefUnit": "",
      "DefPath": "dlist/DList/Data/fail/Value",
      "Def": true,
      "Repo": "",
      "File": "Data/DList.hs",
      "Start": 6842,
      "End": 6858
    },
    {
      "DefRepo": "",
      "DefUnitType": "HaskellPackage",
      "DefUnit": "",
      "DefPath": "dlist/DList/Data/fmap/Value",
      "Def": true,
      "Repo": "",
      "File": "Data/DList.hs",
      "Start": 6270,
      "End": 6280
    },
    {
      "DefRepo": "",
      "DefUnitType": "HaskellPackage",
      "DefUnit": "",
      "DefPath": "dlist/DList/Data/fold/Value",
      "Def": true,
      "Repo": "",
      "File": "Data/DList.hs",
      "Start": 6985,
      "End": 7015
    },
    {
      "DefRepo": "",
      "DefUnitType": "HaskellPackage",
      "DefUnit": "",
      "DefPath": "dlist/DList/Data/foldMap/Value",
      "Def": true,
      "Repo": "",
      "File": "Data/DList.hs",
      "Start": 7041,
      "End": 7075
    },
    {
      "DefRepo": "",
      "DefUnitType": "HaskellPackage",
      "DefUnit": "",
      "DefPath": "dlist/DList/Data/foldl'/Value",
      "Def": true,
      "Repo": "",
      "File": "Data/DList.hs",
      "Start": 7550,
      "End": 7588
    },
    {
      "DefRepo": "",
      "DefUnitType": "HaskellPackage",
      "DefUnit": "",
      "DefPath": "dlist/DList/Data/foldl/Value",
      "Def": true,
      "Repo": "",
      "File": "Data/DList.hs",
      "Start": 7168,
      "End": 7205
    },
    {
      "DefRepo": "",
      "DefUnitType": "HaskellPackage",
      "DefUnit": "",
      "DefPath": "dlist/DList/Data/foldl1/Value",
      "Def": true,
      "Repo": "",
      "File": "Data/DList.hs",
      "Start": 7296,
      "End": 7332
    },
    {
      "DefRepo": "",
      "DefUnitType": "HaskellPackage",
      "DefUnit": "",
      "DefPath": "dlist/DList/Data/foldr'/Value",
      "Def": true,
      "Repo": "",
      "File": "Data/DList.hs",
      "Start": 7616,
      "End": 7651
    },
    {
      "DefRepo": "",
      "DefUnitType": "HaskellPackage",
      "DefUnit": "",
      "DefPath": "dlist/DList/Data/foldr/Value",
      "Def": true,
      "Repo": "",
      "File": "Data/DList.hs",
      "Start": 5274,
      "End": 5279
    },
    {
      "DefRepo": "",
      "DefUnitType": "HaskellPackage",
      "DefUnit": "",
      "DefPath": "dlist/DList/Data/foldr/Value",
      "Def": true,
      "Repo": "",
      "File": "Data/DList.hs",
      "Start": 7104,
      "End": 7141
    },
    {
      "DefRepo": "",
      "DefUnitType": "HaskellPackage",
      "DefUnit": "",
      "DefPath": "dlist/DList/Data/foldr1/Value",
      "Def": true,
      "Repo": "",
      "File": "Data/DList.hs",
      "Start": 7232,
      "End": 7268
    },
    {
      "DefRepo": "",
      "DefUnitType": "HaskellPackage",
      "DefUnit": "",
      "DefPath": "dlist/DList/Data/fromList/Value",
      "Def": true,
      "Repo": "",
      "File": "Data/DList.hs",
      "Start": 3149,
      "End": 3157
    },
    {
      "DefRepo": "",
      "DefUnitType": "HaskellPackage",
      "DefUnit": "",
      "DefPath": "dlist/DList/Data/fromList/Value",
      "Def": true,
      "Repo": "",
      "File": "Data/DList.hs",
      "Start": 7984,
      "End": 8003
    },
    {
      "DefRepo": "",
      "DefUnitType": "HaskellPackage",
      "DefUnit": "",
      "DefPath": "dlist/DList/Data/fromString/Value",
      "Def": true,
      "Repo": "",
      "File": "Data/DList.hs",
      "Start": 7810,
      "End": 7831
    },
    {
      "DefRepo": "",
      "DefUnitType": "HaskellPackage",
      "DefUnit": "",
      "DefPath": "dlist/DList/Data/go/Value",
      "Def": true,
      "Repo": "",
      "File": "Data/DList.hs",
      "Start": 4414,
      "End": 4416
    },
    {
      "DefRepo": "",
      "DefUnitType": "HaskellPackage",
      "DefUnit": "",
      "DefPath": "dlist/DList/Data/head/Value",
      "Def": true,
      "Repo": "",
      "File": "Data/DList.hs",
      "Start": 4812,
      "End": 4816
    },
    {
      "DefRepo": "",
      "DefUnitType": "HaskellPackage",
      "DefUnit": "",
      "DefPath": "dlist/DList/Data/list/Value",
      "Def": true,
      "Repo": "",
      "File": "Data/DList.hs",
      "Start": 4652,
      "End": 4656
    },
    {
      "DefRepo": "",
      "DefUnitType": "HaskellPackage",
      "DefUnit": "",
      "DefPath": "dlist/DList/Data/map/Value",
      "Def": true,
      "Repo": "",
      "File": "Data/DList.hs",
      "Start": 5422,
      "End": 5425
    },
    {
      "DefRepo": "",
      "DefUnitType": "HaskellPackage",
      "DefUnit": "",
      "DefPath": "dlist/DList/Data/mappend/Value",
      "Def": true,
      "Repo": "",
      "File": "Data/DList.hs",
      "Start": 6219,
      "End": 6235
    },
    {
      "DefRepo": "",
      "DefUnitType": "HaskellPackage",
      "DefUnit": "",
      "DefPath": "dlist/DList/Data/mempty/Value",
      "Def": true,
      "Repo": "",
      "File": "Data/DList.hs",
      "Start": 6199,
      "End": 6214
    },
    {
      "DefRepo": "",
      "DefUnitType": "HaskellPackage",
      "DefUnit": "",
      "DefPath": "dlist/DList/Data/mplus/Value",
      "Def": true,
      "Repo": "",
      "File": "Data/DList.hs",
      "Start": 6934,
      "End": 6951
    },
    {
      "DefRepo": "",
      "DefUnitType": "HaskellPackage",
      "DefUnit": "",
      "DefPath": "dlist/DList/Data/mzero/Value",
      "Def": true,
      "Repo": "",
      "File": "Data/DList.hs",
      "Start": 6915,
      "End": 6931
    },
    {
      "DefRepo": "",
      "DefUnitType": "HaskellPackage",
      "DefUnit": "",
      "DefPath": "dlist/DList/Data/pure/Value",
      "Def": true,
      "Repo": "",
      "File": "Data/DList.hs",
      "Start": 6343,
      "End": 6357
    },
    {
      "DefRepo": "",
      "DefUnitType": "HaskellPackage",
      "DefUnit": "",
      "DefPath": "dlist/DList/Data/readListPrec/Value",
      "Def": true,
      "Repo": "",
      "File": "Data/DList.hs",
      "Start": 5860,
      "End": 5894
    },
    {
      "DefRepo": "",
      "DefUnitType": "HaskellPackage",
      "DefUnit": "",
      "DefPath": "dlist/DList/Data/readPrec/Value",
      "Def": true,
      "Repo": "",
      "File": "Data/DList.hs",
      "Start": 5752,
      "End": 5857
    },
    {
      "DefRepo": "",
      "DefUnitType": "HaskellPackage",
      "DefUnit": "",
      "DefPath": "dlist/DList/Data/replicate/Value",
      "Def": true,
      "Repo": "",
      "File": "Data/DList.hs",
      "Start": 4382,
      "End": 4391
    },
    {
      "DefRepo": "",
      "DefUnitType": "HaskellPackage",
      "DefUnit": "",
      "DefPath": "dlist/DList/Data/return/Value",
      "Def": true,
      "Repo": "",
      "File": "Data/DList.hs",
      "Start": 6792,
      "End": 6814
    },
    {
      "DefRepo": "",
      "DefUnitType": "HaskellPackage",
      "DefUnit": "",
      "DefPath": "dlist/DList/Data/rnf/Value",
      "Def": true,
      "Repo": "",
      "File": "Data/DList.hs",
      "Start": 7730,
      "End": 7748
    },
    {
      "DefRepo": "",
      "DefUnitType": "HaskellPackage",
      "DefUnit": "",
      "DefPath": "dlist/DList/Data/showsPrec/Value",
      "Def": true,
      "Repo": "",
      "File": "Data/DList.hs",
      "Start": 6077,
      "End": 6161
    },
    {
      "DefRepo": "",
      "DefUnitType": "HaskellPackage",
      "DefUnit": "",
      "DefPath": "dlist/DList/Data/singleton/Value",
      "Def": true,
      "Repo": "",
      "File": "Data/DList.hs",
      "Start": 3658,
      "End": 3667
    },
    {
      "DefRepo": "",
      "DefUnitType": "HaskellPackage",
      "DefUnit": "",
      "DefPath": "dlist/DList/Data/snoc/Value",
      "Def": true,
      "Repo": "",
      "File": "Data/DList.hs",
      "Start": 3965,
      "End": 3969
    },
    {
      "DefRepo": "",
      "DefUnitType": "HaskellPackage",
      "DefUnit": "",
      "DefPath": "dlist/DList/Data/tail/Value",
      "Def": true,
      "Repo": "",
      "File": "Data/DList.hs",
      "Start": 4939,
      "End": 4943
    },
    {
      "DefRepo": "",
      "DefUnitType": "HaskellPackage",
      "DefUnit": "",
      "DefPath": "dlist/DList/Data/toList/Value",
      "Def": true,
      "Repo": "",
      "File": "Data/DList.hs",
      "Start": 3259,
      "End": 3265
    },
    {
      "DefRepo": "",
      "DefUnitType": "HaskellPackage",
      "DefUnit": "",
      "DefPath": "dlist/DList/Data/toList/Value",
      "Def": true,
      "Repo": "",
      "File": "Data/DList.hs",
      "Start": 8032,
      "End": 8047
    },
    {
      "DefRepo": "",
      "DefUnitType": "HaskellPackage",
      "DefUnit": "",
      "DefPath": "dlist/DList/Data/unDL/Value",
      "Def": true,
      "Repo": "",
      "File": "Data/DList.hs",
      "Start": 3066,
      "End": 3070
    },
    {
      "DefRepo": "",
      "DefUnitType": "HaskellPackage",
      "DefUnit": "",
      "DefPath": "dlist/DList/Data/unfoldr/Value",
      "Def": true,
      "Repo": "",
      "File": "Data/DList.hs",
      "Start": 5083,
      "End": 5090
    }
  ]
}