[{"Raw":"base","Target":{"ToVersionString":"","ToUnit":"base","ToRepoCloneURL":"","ToRevSpec":"","ToUnitType":"HaskellPackage"}}]
