{"Name":"haskell-hello-world","Type":"HaskellPackage","Repo":"github.com/sgtest/haskell-module-import","Globs":["src/**/*.hs"],"Files":["src/Hello.hs","src/Main.hs"],"Dir":".","Dependencies":["base"],"Data":{"CabalFile":"haskell-hello-world.cabal","Dirs":["src"]},"Ops":{"depresolve":{"Toolchain":"sourcegraph.com/sourcegraph/srclib-haskell","Subcmd":"depresolve"},"graph":{"Toolchain":"sourcegraph.com/sourcegraph/srclib-haskell","Subcmd":"graph"}}}
