{
  "Defs": [
    {
      "Repo": "github.com/sgtest/haskell-module-import",
      "UnitType": "HaskellPackage",
      "Unit": "haskell-hello-world",
      "Path": "haskell-hello-world/Hello",
      "Name": "Hello",
      "Kind": "Module",
      "File": "src/Hello.hs",
      "DefStart": 0,
      "DefEnd": 0,
      "Exported": true,
      "TreePath": "haskell-hello-world/Hello"
    },
    {
      "Repo": "github.com/sgtest/haskell-module-import",
      "UnitType": "HaskellPackage",
      "Unit": "haskell-hello-world",
      "Path": "haskell-hello-world/Main",
      "Name": "Main",
      "Kind": "Module",
      "File": "src/Main.hs",
      "DefStart": 0,
      "DefEnd": 0,
      "Exported": true,
      "TreePath": "haskell-hello-world/Main"
    }
  ],
  "Refs": [
    {
      "DefUnitType": "HaskellPackage",
      "DefUnit": "haskell-hello-world",
      "DefPath": "haskell-hello-world/Control/Applicative",
      "File": "src/Main.hs",
      "Start": 60,
      "End": 79
    },
    {
      "DefUnitType": "HaskellPackage",
      "DefUnit": "haskell-hello-world",
      "DefPath": "haskell-hello-world/Control/Arrow",
      "File": "src/Main.hs",
      "Start": 97,
      "End": 110
    },
    {
      "DefUnitType": "HaskellPackage",
      "DefUnit": "haskell-hello-world",
      "DefPath": "haskell-hello-world/Control/Category",
      "File": "src/Main.hs",
      "Start": 128,
      "End": 144
    },
    {
      "DefUnitType": "HaskellPackage",
      "DefUnit": "haskell-hello-world",
      "DefPath": "haskell-hello-world/Control/Concurrent/Chan",
      "File": "src/Main.hs",
      "Start": 198,
      "End": 221
    },
    {
      "DefUnitType": "HaskellPackage",
      "DefUnit": "haskell-hello-world",
      "DefPath": "haskell-hello-world/Control/Concurrent/MVar",
      "File": "src/Main.hs",
      "Start": 239,
      "End": 262
    },
    {
      "DefUnitType": "HaskellPackage",
      "DefUnit": "haskell-hello-world",
      "DefPath": "haskell-hello-world/Control/Concurrent/QSem",
      "File": "src/Main.hs",
      "Start": 280,
      "End": 303
    },
    {
      "DefUnitType": "HaskellPackage",
      "DefUnit": "haskell-hello-world",
      "DefPath": "haskell-hello-world/Control/Concurrent/QSemN",
      "File": "src/Main.hs",
      "Start": 321,
      "End": 345
    },
    {
      "DefUnitType": "HaskellPackage",
      "DefUnit": "haskell-hello-world",
      "DefPath": "haskell-hello-world/Control/Concurrent",
      "File": "src/Main.hs",
      "Start": 162,
      "End": 180
    },
    {
      "DefUnitType": "HaskellPackage",
      "DefUnit": "haskell-hello-world",
      "DefPath": "haskell-hello-world/Control/Exception/Base",
      "File": "src/Main.hs",
      "Start": 398,
      "End": 420
    },
    {
      "DefUnitType": "HaskellPackage",
      "DefUnit": "haskell-hello-world",
      "DefPath": "haskell-hello-world/Control/Exception",
      "File": "src/Main.hs",
      "Start": 363,
      "End": 380
    },
    {
      "DefUnitType": "HaskellPackage",
      "DefUnit": "haskell-hello-world",
      "DefPath": "haskell-hello-world/Control/Monad/Fix",
      "File": "src/Main.hs",
      "Start": 469,
      "End": 486
    },
    {
      "DefUnitType": "HaskellPackage",
      "DefUnit": "haskell-hello-world",
      "DefPath": "haskell-hello-world/Control/Monad/ST/Lazy/Safe",
      "File": "src/Main.hs",
      "Start": 577,
      "End": 603
    },
    {
      "DefUnitType": "HaskellPackage",
      "DefUnit": "haskell-hello-world",
      "DefPath": "haskell-hello-world/Control/Monad/ST/Lazy/Unsafe",
      "File": "src/Main.hs",
      "Start": 621,
      "End": 649
    },
    {
      "DefUnitType": "HaskellPackage",
      "DefUnit": "haskell-hello-world",
      "DefPath": "haskell-hello-world/Control/Monad/ST/Lazy",
      "File": "src/Main.hs",
      "Start": 538,
      "End": 559
    },
    {
      "DefUnitType": "HaskellPackage",
      "DefUnit": "haskell-hello-world",
      "DefPath": "haskell-hello-world/Control/Monad/ST/Safe",
      "File": "src/Main.hs",
      "Start": 667,
      "End": 688
    },
    {
      "DefUnitType": "HaskellPackage",
      "DefUnit": "haskell-hello-world",
      "DefPath": "haskell-hello-world/Control/Monad/ST/Strict",
      "File": "src/Main.hs",
      "Start": 706,
      "End": 729
    },
    {
      "DefUnitType": "HaskellPackage",
      "DefUnit": "haskell-hello-world",
      "DefPath": "haskell-hello-world/Control/Monad/ST/Unsafe",
      "File": "src/Main.hs",
      "Start": 747,
      "End": 770
    },
    {
      "DefUnitType": "HaskellPackage",
      "DefUnit": "haskell-hello-world",
      "DefPath": "haskell-hello-world/Control/Monad/ST",
      "File": "src/Main.hs",
      "Start": 504,
      "End": 520
    },
    {
      "DefUnitType": "HaskellPackage",
      "DefUnit": "haskell-hello-world",
      "DefPath": "haskell-hello-world/Control/Monad/Zip",
      "File": "src/Main.hs",
      "Start": 788,
      "End": 805
    },
    {
      "DefUnitType": "HaskellPackage",
      "DefUnit": "haskell-hello-world",
      "DefPath": "haskell-hello-world/Control/Monad",
      "File": "src/Main.hs",
      "Start": 438,
      "End": 451
    },
    {
      "DefUnitType": "HaskellPackage",
      "DefUnit": "haskell-hello-world",
      "DefPath": "haskell-hello-world/Data/Bits",
      "File": "src/Main.hs",
      "Start": 823,
      "End": 832
    },
    {
      "DefUnitType": "HaskellPackage",
      "DefUnit": "haskell-hello-world",
      "DefPath": "haskell-hello-world/Data/Bool",
      "File": "src/Main.hs",
      "Start": 850,
      "End": 859
    },
    {
      "DefUnitType": "HaskellPackage",
      "DefUnit": "haskell-hello-world",
      "DefPath": "haskell-hello-world/Data/Char",
      "File": "src/Main.hs",
      "Start": 877,
      "End": 886
    },
    {
      "DefUnitType": "HaskellPackage",
      "DefUnit": "haskell-hello-world",
      "DefPath": "haskell-hello-world/Data/Coerce",
      "File": "src/Main.hs",
      "Start": 904,
      "End": 915
    },
    {
      "DefUnitType": "HaskellPackage",
      "DefUnit": "haskell-hello-world",
      "DefPath": "haskell-hello-world/Data/Complex",
      "File": "src/Main.hs",
      "Start": 933,
      "End": 945
    },
    {
      "DefUnitType": "HaskellPackage",
      "DefUnit": "haskell-hello-world",
      "DefPath": "haskell-hello-world/Data/Data",
      "File": "src/Main.hs",
      "Start": 963,
      "End": 972
    },
    {
      "DefUnitType": "HaskellPackage",
      "DefUnit": "haskell-hello-world",
      "DefPath": "haskell-hello-world/Data/Dynamic",
      "File": "src/Main.hs",
      "Start": 990,
      "End": 1002
    },
    {
      "DefUnitType": "HaskellPackage",
      "DefUnit": "haskell-hello-world",
      "DefPath": "haskell-hello-world/Data/Either",
      "File": "src/Main.hs",
      "Start": 1020,
      "End": 1031
    },
    {
      "DefUnitType": "HaskellPackage",
      "DefUnit": "haskell-hello-world",
      "DefPath": "haskell-hello-world/Data/Eq",
      "File": "src/Main.hs",
      "Start": 1049,
      "End": 1056
    },
    {
      "DefUnitType": "HaskellPackage",
      "DefUnit": "haskell-hello-world",
      "DefPath": "haskell-hello-world/Data/Fixed",
      "File": "src/Main.hs",
      "Start": 1074,
      "End": 1084
    },
    {
      "DefUnitType": "HaskellPackage",
      "DefUnit": "haskell-hello-world",
      "DefPath": "haskell-hello-world/Data/Foldable",
      "File": "src/Main.hs",
      "Start": 1102,
      "End": 1115
    },
    {
      "DefUnitType": "HaskellPackage",
      "DefUnit": "haskell-hello-world",
      "DefPath": "haskell-hello-world/Data/Function",
      "File": "src/Main.hs",
      "Start": 1133,
      "End": 1146
    },
    {
      "DefUnitType": "HaskellPackage",
      "DefUnit": "haskell-hello-world",
      "DefPath": "haskell-hello-world/Data/Functor",
      "File": "src/Main.hs",
      "Start": 1164,
      "End": 1176
    },
    {
      "DefUnitType": "HaskellPackage",
      "DefUnit": "haskell-hello-world",
      "DefPath": "haskell-hello-world/Data/IORef",
      "File": "src/Main.hs",
      "Start": 1220,
      "End": 1230
    },
    {
      "DefUnitType": "HaskellPackage",
      "DefUnit": "haskell-hello-world",
      "DefPath": "haskell-hello-world/Data/Int",
      "File": "src/Main.hs",
      "Start": 1194,
      "End": 1202
    },
    {
      "DefUnitType": "HaskellPackage",
      "DefUnit": "haskell-hello-world",
      "DefPath": "haskell-hello-world/Data/Ix",
      "File": "src/Main.hs",
      "Start": 1248,
      "End": 1255
    },
    {
      "DefUnitType": "HaskellPackage",
      "DefUnit": "haskell-hello-world",
      "DefPath": "haskell-hello-world/Data/List",
      "File": "src/Main.hs",
      "Start": 1273,
      "End": 1282
    },
    {
      "DefUnitType": "HaskellPackage",
      "DefUnit": "haskell-hello-world",
      "DefPath": "haskell-hello-world/Data/Maybe",
      "File": "src/Main.hs",
      "Start": 1300,
      "End": 1310
    },
    {
      "DefUnitType": "HaskellPackage",
      "DefUnit": "haskell-hello-world",
      "DefPath": "haskell-hello-world/Data/Monoid",
      "File": "src/Main.hs",
      "Start": 1328,
      "End": 1339
    },
    {
      "DefUnitType": "HaskellPackage",
      "DefUnit": "haskell-hello-world",
      "DefPath": "haskell-hello-world/Data/Ord",
      "File": "src/Main.hs",
      "Start": 1357,
      "End": 1365
    },
    {
      "DefUnitType": "HaskellPackage",
      "DefUnit": "haskell-hello-world",
      "DefPath": "haskell-hello-world/Data/Proxy",
      "File": "src/Main.hs",
      "Start": 1383,
      "End": 1393
    },
    {
      "DefUnitType": "HaskellPackage",
      "DefUnit": "haskell-hello-world",
      "DefPath": "haskell-hello-world/Data/Ratio",
      "File": "src/Main.hs",
      "Start": 1411,
      "End": 1421
    },
    {
      "DefUnitType": "HaskellPackage",
      "DefUnit": "haskell-hello-world",
      "DefPath": "haskell-hello-world/Data/STRef/Lazy",
      "File": "src/Main.hs",
      "Start": 1467,
      "End": 1482
    },
    {
      "DefUnitType": "HaskellPackage",
      "DefUnit": "haskell-hello-world",
      "DefPath": "haskell-hello-world/Data/STRef/Strict",
      "File": "src/Main.hs",
      "Start": 1500,
      "End": 1517
    },
    {
      "DefUnitType": "HaskellPackage",
      "DefUnit": "haskell-hello-world",
      "DefPath": "haskell-hello-world/Data/STRef",
      "File": "src/Main.hs",
      "Start": 1439,
      "End": 1449
    },
    {
      "DefUnitType": "HaskellPackage",
      "DefUnit": "haskell-hello-world",
      "DefPath": "haskell-hello-world/Data/String",
      "File": "src/Main.hs",
      "Start": 1535,
      "End": 1546
    },
    {
      "DefUnitType": "HaskellPackage",
      "DefUnit": "haskell-hello-world",
      "DefPath": "haskell-hello-world/Data/Traversable",
      "File": "src/Main.hs",
      "Start": 1564,
      "End": 1580
    },
    {
      "DefUnitType": "HaskellPackage",
      "DefUnit": "haskell-hello-world",
      "DefPath": "haskell-hello-world/Data/Tuple",
      "File": "src/Main.hs",
      "Start": 1598,
      "End": 1608
    },
    {
      "DefUnitType": "HaskellPackage",
      "DefUnit": "haskell-hello-world",
      "DefPath": "haskell-hello-world/Data/Type/Bool",
      "File": "src/Main.hs",
      "Start": 1697,
      "End": 1711
    },
    {
      "DefUnitType": "HaskellPackage",
      "DefUnit": "haskell-hello-world",
      "DefPath": "haskell-hello-world/Data/Type/Coercion",
      "File": "src/Main.hs",
      "Start": 1729,
      "End": 1747
    },
    {
      "DefUnitType": "HaskellPackage",
      "DefUnit": "haskell-hello-world",
      "DefPath": "haskell-hello-world/Data/Type/Equality",
      "File": "src/Main.hs",
      "Start": 1765,
      "End": 1783
    },
    {
      "DefUnitType": "HaskellPackage",
      "DefUnit": "haskell-hello-world",
      "DefPath": "haskell-hello-world/Data/Typeable/Internal",
      "File": "src/Main.hs",
      "Start": 1657,
      "End": 1679
    },
    {
      "DefUnitType": "HaskellPackage",
      "DefUnit": "haskell-hello-world",
      "DefPath": "haskell-hello-world/Data/Typeable",
      "File": "src/Main.hs",
      "Start": 1626,
      "End": 1639
    },
    {
      "DefUnitType": "HaskellPackage",
      "DefUnit": "haskell-hello-world",
      "DefPath": "haskell-hello-world/Data/Unique",
      "File": "src/Main.hs",
      "Start": 1801,
      "End": 1812
    },
    {
      "DefUnitType": "HaskellPackage",
      "DefUnit": "haskell-hello-world",
      "DefPath": "haskell-hello-world/Data/Version",
      "File": "src/Main.hs",
      "Start": 1830,
      "End": 1842
    },
    {
      "DefUnitType": "HaskellPackage",
      "DefUnit": "haskell-hello-world",
      "DefPath": "haskell-hello-world/Data/Word",
      "File": "src/Main.hs",
      "Start": 1860,
      "End": 1869
    },
    {
      "DefUnitType": "HaskellPackage",
      "DefUnit": "haskell-hello-world",
      "DefPath": "haskell-hello-world/Debug/Trace",
      "File": "src/Main.hs",
      "Start": 1887,
      "End": 1898
    },
    {
      "DefUnitType": "HaskellPackage",
      "DefUnit": "haskell-hello-world",
      "DefPath": "haskell-hello-world/Foreign/C/Error",
      "File": "src/Main.hs",
      "Start": 1968,
      "End": 1983
    },
    {
      "DefUnitType": "HaskellPackage",
      "DefUnit": "haskell-hello-world",
      "DefPath": "haskell-hello-world/Foreign/C/String",
      "File": "src/Main.hs",
      "Start": 2037,
      "End": 2053
    },
    {
      "DefUnitType": "HaskellPackage",
      "DefUnit": "haskell-hello-world",
      "DefPath": "haskell-hello-world/Foreign/C/Types",
      "File": "src/Main.hs",
      "Start": 2071,
      "End": 2086
    },
    {
      "DefUnitType": "HaskellPackage",
      "DefUnit": "haskell-hello-world",
      "DefPath": "haskell-hello-world/Foreign/C",
      "File": "src/Main.hs",
      "Start": 1941,
      "End": 1950
    },
    {
      "DefUnitType": "HaskellPackage",
      "DefUnit": "haskell-hello-world",
      "DefPath": "haskell-hello-world/Foreign/Concurrent",
      "File": "src/Main.hs",
      "Start": 2001,
      "End": 2019
    },
    {
      "DefUnitType": "HaskellPackage",
      "DefUnit": "haskell-hello-world",
      "DefPath": "haskell-hello-world/Foreign/ForeignPtr/Safe",
      "File": "src/Main.hs",
      "Start": 2140,
      "End": 2163
    },
    {
      "DefUnitType": "HaskellPackage",
      "DefUnit": "haskell-hello-world",
      "DefPath": "haskell-hello-world/Foreign/ForeignPtr/Unsafe",
      "File": "src/Main.hs",
      "Start": 2181,
      "End": 2206
    },
    {
      "DefUnitType": "HaskellPackage",
      "DefUnit": "haskell-hello-world",
      "DefPath": "haskell-hello-world/Foreign/ForeignPtr",
      "File": "src/Main.hs",
      "Start": 2104,
      "End": 2122
    },
    {
      "DefUnitType": "HaskellPackage",
      "DefUnit": "haskell-hello-world",
      "DefPath": "haskell-hello-world/Foreign/Marshal/Alloc",
      "File": "src/Main.hs",
      "Start": 2257,
      "End": 2278
    },
    {
      "DefUnitType": "HaskellPackage",
      "DefUnit": "haskell-hello-world",
      "DefPath": "haskell-hello-world/Foreign/Marshal/Array",
      "File": "src/Main.hs",
      "Start": 2296,
      "End": 2317
    },
    {
      "DefUnitType": "HaskellPackage",
      "DefUnit": "haskell-hello-world",
      "DefPath": "haskell-hello-world/Foreign/Marshal/Error",
      "File": "src/Main.hs",
      "Start": 2335,
      "End": 2356
    },
    {
      "DefUnitType": "HaskellPackage",
      "DefUnit": "haskell-hello-world",
      "DefPath": "haskell-hello-world/Foreign/Marshal/Pool",
      "File": "src/Main.hs",
      "Start": 2374,
      "End": 2394
    },
    {
      "DefUnitType": "HaskellPackage",
      "DefUnit": "haskell-hello-world",
      "DefPath": "haskell-hello-world/Foreign/Marshal/Safe",
      "File": "src/Main.hs",
      "Start": 2412,
      "End": 2432
    },
    {
      "DefUnitType": "HaskellPackage",
      "DefUnit": "haskell-hello-world",
      "DefPath": "haskell-hello-world/Foreign/Marshal/Unsafe",
      "File": "src/Main.hs",
      "Start": 2450,
      "End": 2472
    },
    {
      "DefUnitType": "HaskellPackage",
      "DefUnit": "haskell-hello-world",
      "DefPath": "haskell-hello-world/Foreign/Marshal/Utils",
      "File": "src/Main.hs",
      "Start": 2490,
      "End": 2511
    },
    {
      "DefUnitType": "HaskellPackage",
      "DefUnit": "haskell-hello-world",
      "DefPath": "haskell-hello-world/Foreign/Marshal",
      "File": "src/Main.hs",
      "Start": 2224,
      "End": 2239
    },
    {
      "DefUnitType": "HaskellPackage",
      "DefUnit": "haskell-hello-world",
      "DefPath": "haskell-hello-world/Foreign/Ptr",
      "File": "src/Main.hs",
      "Start": 2529,
      "End": 2540
    },
    {
      "DefUnitType": "HaskellPackage",
      "DefUnit": "haskell-hello-world",
      "DefPath": "haskell-hello-world/Foreign/Safe",
      "File": "src/Main.hs",
      "Start": 2558,
      "End": 2570
    },
    {
      "DefUnitType": "HaskellPackage",
      "DefUnit": "haskell-hello-world",
      "DefPath": "haskell-hello-world/Foreign/StablePtr",
      "File": "src/Main.hs",
      "Start": 2588,
      "End": 2605
    },
    {
      "DefUnitType": "HaskellPackage",
      "DefUnit": "haskell-hello-world",
      "DefPath": "haskell-hello-world/Foreign/Storable",
      "File": "src/Main.hs",
      "Start": 2623,
      "End": 2639
    },
    {
      "DefUnitType": "HaskellPackage",
      "DefUnit": "haskell-hello-world",
      "DefPath": "haskell-hello-world/Foreign",
      "File": "src/Main.hs",
      "Start": 1916,
      "End": 1923
    },
    {
      "DefUnitType": "HaskellPackage",
      "DefUnit": "haskell-hello-world",
      "DefPath": "haskell-hello-world/GHC/Arr",
      "File": "src/Main.hs",
      "Start": 2657,
      "End": 2664
    },
    {
      "DefUnitType": "HaskellPackage",
      "DefUnit": "haskell-hello-world",
      "DefPath": "haskell-hello-world/GHC/Base",
      "File": "src/Main.hs",
      "Start": 2682,
      "End": 2690
    },
    {
      "DefUnitType": "HaskellPackage",
      "DefUnit": "haskell-hello-world",
      "DefPath": "haskell-hello-world/GHC/Char",
      "File": "src/Main.hs",
      "Start": 2708,
      "End": 2716
    },
    {
      "DefUnitType": "HaskellPackage",
      "DefUnit": "haskell-hello-world",
      "DefPath": "haskell-hello-world/GHC/Conc/IO",
      "File": "src/Main.hs",
      "Start": 2760,
      "End": 2771
    },
    {
      "DefUnitType": "HaskellPackage",
      "DefUnit": "haskell-hello-world",
      "DefPath": "haskell-hello-world/GHC/Conc/Signal",
      "File": "src/Main.hs",
      "Start": 2789,
      "End": 2804
    },
    {
      "DefUnitType": "HaskellPackage",
      "DefUnit": "haskell-hello-world",
      "DefPath": "haskell-hello-world/GHC/Conc/Sync",
      "File": "src/Main.hs",
      "Start": 2822,
      "End": 2835
    },
    {
      "DefUnitType": "HaskellPackage",
      "DefUnit": "haskell-hello-world",
      "DefPath": "haskell-hello-world/GHC/Conc",
      "File": "src/Main.hs",
      "Start": 2734,
      "End": 2742
    },
    {
      "DefUnitType": "HaskellPackage",
      "DefUnit": "haskell-hello-world",
      "DefPath": "haskell-hello-world/GHC/ConsoleHandler",
      "File": "src/Main.hs",
      "Start": 2853,
      "End": 2871
    },
    {
      "DefUnitType": "HaskellPackage",
      "DefUnit": "haskell-hello-world",
      "DefPath": "haskell-hello-world/GHC/Constants",
      "File": "src/Main.hs",
      "Start": 2889,
      "End": 2902
    },
    {
      "DefUnitType": "HaskellPackage",
      "DefUnit": "haskell-hello-world",
      "DefPath": "haskell-hello-world/GHC/Desugar",
      "File": "src/Main.hs",
      "Start": 2920,
      "End": 2931
    },
    {
      "DefUnitType": "HaskellPackage",
      "DefUnit": "haskell-hello-world",
      "DefPath": "haskell-hello-world/GHC/Enum",
      "File": "src/Main.hs",
      "Start": 2949,
      "End": 2957
    },
    {
      "DefUnitType": "HaskellPackage",
      "DefUnit": "haskell-hello-world",
      "DefPath": "haskell-hello-world/GHC/Environment",
      "File": "src/Main.hs",
      "Start": 2975,
      "End": 2990
    },
    {
      "DefUnitType": "HaskellPackage",
      "DefUnit": "haskell-hello-world",
      "DefPath": "haskell-hello-world/GHC/Err",
      "File": "src/Main.hs",
      "Start": 3008,
      "End": 3015
    },
    {
      "DefUnitType": "HaskellPackage",
      "DefUnit": "haskell-hello-world",
      "DefPath": "haskell-hello-world/GHC/Event",
      "File": "src/Main.hs",
      "Start": 3033,
      "End": 3042
    },
    {
      "DefUnitType": "HaskellPackage",
      "DefUnit": "haskell-hello-world",
      "DefPath": "haskell-hello-world/GHC/Exception",
      "File": "src/Main.hs",
      "Start": 3060,
      "End": 3073
    },
    {
      "DefUnitType": "HaskellPackage",
      "DefUnit": "haskell-hello-world",
      "DefPath": "haskell-hello-world/GHC/Exts",
      "File": "src/Main.hs",
      "Start": 3091,
      "End": 3099
    },
    {
      "DefUnitType": "HaskellPackage",
      "DefUnit": "haskell-hello-world",
      "DefPath": "haskell-hello-world/GHC/Fingerprint/Type",
      "File": "src/Main.hs",
      "Start": 3150,
      "End": 3170
    },
    {
      "DefUnitType": "HaskellPackage",
      "DefUnit": "haskell-hello-world",
      "DefPath": "haskell-hello-world/GHC/Fingerprint",
      "File": "src/Main.hs",
      "Start": 3117,
      "End": 3132
    },
    {
      "DefUnitType": "HaskellPackage",
      "DefUnit": "haskell-hello-world",
      "DefPath": "haskell-hello-world/GHC/Float/ConversionUtils",
      "File": "src/Main.hs",
      "Start": 3215,
      "End": 3240
    },
    {
      "DefUnitType": "HaskellPackage",
      "DefUnit": "haskell-hello-world",
      "DefPath": "haskell-hello-world/GHC/Float/RealFracMethods",
      "File": "src/Main.hs",
      "Start": 3258,
      "End": 3283
    },
    {
      "DefUnitType": "HaskellPackage",
      "DefUnit": "haskell-hello-world",
      "DefPath": "haskell-hello-world/GHC/Float",
      "File": "src/Main.hs",
      "Start": 3188,
      "End": 3197
    },
    {
      "DefUnitType": "HaskellPackage",
      "DefUnit": "haskell-hello-world",
      "DefPath": "haskell-hello-world/GHC/Foreign",
      "File": "src/Main.hs",
      "Start": 3301,
      "End": 3312
    },
    {
      "DefUnitType": "HaskellPackage",
      "DefUnit": "haskell-hello-world",
      "DefPath": "haskell-hello-world/GHC/ForeignPtr",
      "File": "src/Main.hs",
      "Start": 3330,
      "End": 3344
    },
    {
      "DefUnitType": "HaskellPackage",
      "DefUnit": "haskell-hello-world",
      "DefPath": "haskell-hello-world/GHC/Generics",
      "File": "src/Main.hs",
      "Start": 3362,
      "End": 3374
    },
    {
      "DefUnitType": "HaskellPackage",
      "DefUnit": "haskell-hello-world",
      "DefPath": "haskell-hello-world/GHC/IO/Buffer",
      "File": "src/Main.hs",
      "Start": 3470,
      "End": 3483
    },
    {
      "DefUnitType": "HaskellPackage",
      "DefUnit": "haskell-hello-world",
      "DefPath": "haskell-hello-world/GHC/IO/BufferedIO",
      "File": "src/Main.hs",
      "Start": 3501,
      "End": 3518
    },
    {
      "DefUnitType": "HaskellPackage",
      "DefUnit": "haskell-hello-world",
      "DefPath": "haskell-hello-world/GHC/IO/Device",
      "File": "src/Main.hs",
      "Start": 3536,
      "End": 3549
    },
    {
      "DefUnitType": "HaskellPackage",
      "DefUnit": "haskell-hello-world",
      "DefPath": "haskell-hello-world/GHC/IO/Encoding/CodePage",
      "File": "src/Main.hs",
      "Start": 3600,
      "End": 3624
    },
    {
      "DefUnitType": "HaskellPackage",
      "DefUnit": "haskell-hello-world",
      "DefPath": "haskell-hello-world/GHC/IO/Encoding/Failure",
      "File": "src/Main.hs",
      "Start": 3642,
      "End": 3665
    },
    {
      "DefUnitType": "HaskellPackage",
      "DefUnit": "haskell-hello-world",
      "DefPath": "haskell-hello-world/GHC/IO/Encoding/Iconv",
      "File": "src/Main.hs",
      "Start": 3683,
      "End": 3704
    },
    {
      "DefUnitType": "HaskellPackage",
      "DefUnit": "haskell-hello-world",
      "DefPath": "haskell-hello-world/GHC/IO/Encoding/Latin1",
      "File": "src/Main.hs",
      "Start": 3722,
      "End": 3744
    },
    {
      "DefUnitType": "HaskellPackage",
      "DefUnit": "haskell-hello-world",
      "DefPath": "haskell-hello-world/GHC/IO/Encoding/Types",
      "File": "src/Main.hs",
      "Start": 3762,
      "End": 3783
    },
    {
      "DefUnitType": "HaskellPackage",
      "DefUnit": "haskell-hello-world",
      "DefPath": "haskell-hello-world/GHC/IO/Encoding/UTF16",
      "File": "src/Main.hs",
      "Start": 3801,
      "End": 3822
    },
    {
      "DefUnitType": "HaskellPackage",
      "DefUnit": "haskell-hello-world",
      "DefPath": "haskell-hello-world/GHC/IO/Encoding/UTF32",
      "File": "src/Main.hs",
      "Start": 3840,
      "End": 3861
    },
    {
      "DefUnitType": "HaskellPackage",
      "DefUnit": "haskell-hello-world",
      "DefPath": "haskell-hello-world/GHC/IO/Encoding/UTF8",
      "File": "src/Main.hs",
      "Start": 3879,
      "End": 3899
    },
    {
      "DefUnitType": "HaskellPackage",
      "DefUnit": "haskell-hello-world",
      "DefPath": "haskell-hello-world/GHC/IO/Encoding",
      "File": "src/Main.hs",
      "Start": 3567,
      "End": 3582
    },
    {
      "DefUnitType": "HaskellPackage",
      "DefUnit": "haskell-hello-world",
      "DefPath": "haskell-hello-world/GHC/IO/Exception",
      "File": "src/Main.hs",
      "Start": 3917,
      "End": 3933
    },
    {
      "DefUnitType": "HaskellPackage",
      "DefUnit": "haskell-hello-world",
      "DefPath": "haskell-hello-world/GHC/IO/FD",
      "File": "src/Main.hs",
      "Start": 3951,
      "End": 3960
    },
    {
      "DefUnitType": "HaskellPackage",
      "DefUnit": "haskell-hello-world",
      "DefPath": "haskell-hello-world/GHC/IO/Handle/FD",
      "File": "src/Main.hs",
      "Start": 4009,
      "End": 4025
    },
    {
      "DefUnitType": "HaskellPackage",
      "DefUnit": "haskell-hello-world",
      "DefPath": "haskell-hello-world/GHC/IO/Handle/Internals",
      "File": "src/Main.hs",
      "Start": 4043,
      "End": 4066
    },
    {
      "DefUnitType": "HaskellPackage",
      "DefUnit": "haskell-hello-world",
      "DefPath": "haskell-hello-world/GHC/IO/Handle/Text",
      "File": "src/Main.hs",
      "Start": 4084,
      "End": 4102
    },
    {
      "DefUnitType": "HaskellPackage",
      "DefUnit": "haskell-hello-world",
      "DefPath": "haskell-hello-world/GHC/IO/Handle/Types",
      "File": "src/Main.hs",
      "Start": 4120,
      "End": 4139
    },
    {
      "DefUnitType": "HaskellPackage",
      "DefUnit": "haskell-hello-world",
      "DefPath": "haskell-hello-world/GHC/IO/Handle",
      "File": "src/Main.hs",
      "Start": 3978,
      "End": 3991
    },
    {
      "DefUnitType": "HaskellPackage",
      "DefUnit": "haskell-hello-world",
      "DefPath": "haskell-hello-world/GHC/IO/IOMode",
      "File": "src/Main.hs",
      "Start": 4157,
      "End": 4170
    },
    {
      "DefUnitType": "HaskellPackage",
      "DefUnit": "haskell-hello-world",
      "DefPath": "haskell-hello-world/GHC/IOArray",
      "File": "src/Main.hs",
      "Start": 3441,
      "End": 3452
    },
    {
      "DefUnitType": "HaskellPackage",
      "DefUnit": "haskell-hello-world",
      "DefPath": "haskell-hello-world/GHC/IO",
      "File": "src/Main.hs",
      "Start": 3417,
      "End": 3423
    },
    {
      "DefUnitType": "HaskellPackage",
      "DefUnit": "haskell-hello-world",
      "DefPath": "haskell-hello-world/GHC/IORef",
      "File": "src/Main.hs",
      "Start": 4188,
      "End": 4197
    },
    {
      "DefUnitType": "HaskellPackage",
      "DefUnit": "haskell-hello-world",
      "DefPath": "haskell-hello-world/GHC/IP",
      "File": "src/Main.hs",
      "Start": 4215,
      "End": 4221
    },
    {
      "DefUnitType": "HaskellPackage",
      "DefUnit": "haskell-hello-world",
      "DefPath": "haskell-hello-world/GHC/Int",
      "File": "src/Main.hs",
      "Start": 3392,
      "End": 3399
    },
    {
      "DefUnitType": "HaskellPackage",
      "DefUnit": "haskell-hello-world",
      "DefPath": "haskell-hello-world/GHC/List",
      "File": "src/Main.hs",
      "Start": 4239,
      "End": 4247
    },
    {
      "DefUnitType": "HaskellPackage",
      "DefUnit": "haskell-hello-world",
      "DefPath": "haskell-hello-world/GHC/MVar",
      "File": "src/Main.hs",
      "Start": 4265,
      "End": 4273
    },
    {
      "DefUnitType": "HaskellPackage",
      "DefUnit": "haskell-hello-world",
      "DefPath": "haskell-hello-world/GHC/Num",
      "File": "src/Main.hs",
      "Start": 4291,
      "End": 4298
    },
    {
      "DefUnitType": "HaskellPackage",
      "DefUnit": "haskell-hello-world",
      "DefPath": "haskell-hello-world/GHC/PArr",
      "File": "src/Main.hs",
      "Start": 4342,
      "End": 4350
    },
    {
      "DefUnitType": "HaskellPackage",
      "DefUnit": "haskell-hello-world",
      "DefPath": "haskell-hello-world/GHC/Pack",
      "File": "src/Main.hs",
      "Start": 4316,
      "End": 4324
    },
    {
      "DefUnitType": "HaskellPackage",
      "DefUnit": "haskell-hello-world",
      "DefPath": "haskell-hello-world/GHC/Profiling",
      "File": "src/Main.hs",
      "Start": 4368,
      "End": 4381
    },
    {
      "DefUnitType": "HaskellPackage",
      "DefUnit": "haskell-hello-world",
      "DefPath": "haskell-hello-world/GHC/Ptr",
      "File": "src/Main.hs",
      "Start": 4399,
      "End": 4406
    },
    {
      "DefUnitType": "HaskellPackage",
      "DefUnit": "haskell-hello-world",
      "DefPath": "haskell-hello-world/GHC/Read",
      "File": "src/Main.hs",
      "Start": 4424,
      "End": 4432
    },
    {
      "DefUnitType": "HaskellPackage",
      "DefUnit": "haskell-hello-world",
      "DefPath": "haskell-hello-world/GHC/Real",
      "File": "src/Main.hs",
      "Start": 4450,
      "End": 4458
    },
    {
      "DefUnitType": "HaskellPackage",
      "DefUnit": "haskell-hello-world",
      "DefPath": "haskell-hello-world/GHC/ST",
      "File": "src/Main.hs",
      "Start": 4502,
      "End": 4508
    },
    {
      "DefUnitType": "HaskellPackage",
      "DefUnit": "haskell-hello-world",
      "DefPath": "haskell-hello-world/GHC/STRef",
      "File": "src/Main.hs",
      "Start": 4638,
      "End": 4647
    },
    {
      "DefUnitType": "HaskellPackage",
      "DefUnit": "haskell-hello-world",
      "DefPath": "haskell-hello-world/GHC/Show",
      "File": "src/Main.hs",
      "Start": 4476,
      "End": 4484
    },
    {
      "DefUnitType": "HaskellPackage",
      "DefUnit": "haskell-hello-world",
      "DefPath": "haskell-hello-world/GHC/Stable",
      "File": "src/Main.hs",
      "Start": 4526,
      "End": 4536
    },
    {
      "DefUnitType": "HaskellPackage",
      "DefUnit": "haskell-hello-world",
      "DefPath": "haskell-hello-world/GHC/Stack",
      "File": "src/Main.hs",
      "Start": 4554,
      "End": 4563
    },
    {
      "DefUnitType": "HaskellPackage",
      "DefUnit": "haskell-hello-world",
      "DefPath": "haskell-hello-world/GHC/Stats",
      "File": "src/Main.hs",
      "Start": 4581,
      "End": 4590
    },
    {
      "DefUnitType": "HaskellPackage",
      "DefUnit": "haskell-hello-world",
      "DefPath": "haskell-hello-world/GHC/Storable",
      "File": "src/Main.hs",
      "Start": 4608,
      "End": 4620
    },
    {
      "DefUnitType": "HaskellPackage",
      "DefUnit": "haskell-hello-world",
      "DefPath": "haskell-hello-world/GHC/TopHandler",
      "File": "src/Main.hs",
      "Start": 4665,
      "End": 4679
    },
    {
      "DefUnitType": "HaskellPackage",
      "DefUnit": "haskell-hello-world",
      "DefPath": "haskell-hello-world/GHC/TypeLits",
      "File": "src/Main.hs",
      "Start": 4697,
      "End": 4709
    },
    {
      "DefUnitType": "HaskellPackage",
      "DefUnit": "haskell-hello-world",
      "DefPath": "haskell-hello-world/GHC/Unicode",
      "File": "src/Main.hs",
      "Start": 4727,
      "End": 4738
    },
    {
      "DefUnitType": "HaskellPackage",
      "DefUnit": "haskell-hello-world",
      "DefPath": "haskell-hello-world/GHC/Weak",
      "File": "src/Main.hs",
      "Start": 4756,
      "End": 4764
    },
    {
      "DefUnitType": "HaskellPackage",
      "DefUnit": "haskell-hello-world",
      "DefPath": "haskell-hello-world/GHC/Word",
      "File": "src/Main.hs",
      "Start": 4782,
      "End": 4790
    },
    {
      "DefUnitType": "HaskellPackage",
      "DefUnit": "haskell-hello-world",
      "DefPath": "haskell-hello-world/Hello",
      "File": "src/Hello.hs",
      "Start": 7,
      "End": 12
    },
    {
      "DefUnitType": "HaskellPackage",
      "DefUnit": "haskell-hello-world",
      "DefPath": "haskell-hello-world/Hello",
      "File": "src/Main.hs",
      "Start": 36,
      "End": 41
    },
    {
      "DefUnitType": "HaskellPackage",
      "DefUnit": "haskell-hello-world",
      "DefPath": "haskell-hello-world/Main",
      "File": "src/Main.hs",
      "Start": 7,
      "End": 11
    },
    {
      "DefUnitType": "HaskellPackage",
      "DefUnit": "haskell-hello-world",
      "DefPath": "haskell-hello-world/Numeric",
      "File": "src/Main.hs",
      "Start": 4808,
      "End": 4815
    },
    {
      "DefUnitType": "HaskellPackage",
      "DefUnit": "haskell-hello-world",
      "DefPath": "haskell-hello-world/Prelude",
      "File": "src/Main.hs",
      "Start": 4833,
      "End": 4840
    },
    {
      "DefUnitType": "HaskellPackage",
      "DefUnit": "haskell-hello-world",
      "DefPath": "haskell-hello-world/System/CPUTime",
      "File": "src/Main.hs",
      "Start": 4897,
      "End": 4911
    },
    {
      "DefUnitType": "HaskellPackage",
      "DefUnit": "haskell-hello-world",
      "DefPath": "haskell-hello-world/System/Console/GetOpt",
      "File": "src/Main.hs",
      "Start": 4858,
      "End": 4879
    },
    {
      "DefUnitType": "HaskellPackage",
      "DefUnit": "haskell-hello-world",
      "DefPath": "haskell-hello-world/System/Environment",
      "File": "src/Main.hs",
      "Start": 4929,
      "End": 4947
    },
    {
      "DefUnitType": "HaskellPackage",
      "DefUnit": "haskell-hello-world",
      "DefPath": "haskell-hello-world/System/Exit",
      "File": "src/Main.hs",
      "Start": 4965,
      "End": 4976
    },
    {
      "DefUnitType": "HaskellPackage",
      "DefUnit": "haskell-hello-world",
      "DefPath": "haskell-hello-world/System/IO/Error",
      "File": "src/Main.hs",
      "Start": 5050,
      "End": 5065
    },
    {
      "DefUnitType": "HaskellPackage",
      "DefUnit": "haskell-hello-world",
      "DefPath": "haskell-hello-world/System/IO/Unsafe",
      "File": "src/Main.hs",
      "Start": 5083,
      "End": 5099
    },
    {
      "DefUnitType": "HaskellPackage",
      "DefUnit": "haskell-hello-world",
      "DefPath": "haskell-hello-world/System/IO",
      "File": "src/Main.hs",
      "Start": 5023,
      "End": 5032
    },
    {
      "DefUnitType": "HaskellPackage",
      "DefUnit": "haskell-hello-world",
      "DefPath": "haskell-hello-world/System/Info",
      "File": "src/Main.hs",
      "Start": 4994,
      "End": 5005
    },
    {
      "DefUnitType": "HaskellPackage",
      "DefUnit": "haskell-hello-world",
      "DefPath": "haskell-hello-world/System/Mem/StableName",
      "File": "src/Main.hs",
      "Start": 5145,
      "End": 5166
    },
    {
      "DefUnitType": "HaskellPackage",
      "DefUnit": "haskell-hello-world",
      "DefPath": "haskell-hello-world/System/Mem/Weak",
      "File": "src/Main.hs",
      "Start": 5184,
      "End": 5199
    },
    {
      "DefUnitType": "HaskellPackage",
      "DefUnit": "haskell-hello-world",
      "DefPath": "haskell-hello-world/System/Mem",
      "File": "src/Main.hs",
      "Start": 5117,
      "End": 5127
    },
    {
      "DefUnitType": "HaskellPackage",
      "DefUnit": "haskell-hello-world",
      "DefPath": "haskell-hello-world/System/Posix/Internals",
      "File": "src/Main.hs",
      "Start": 5217,
      "End": 5239
    },
    {
      "DefUnitType": "HaskellPackage",
      "DefUnit": "haskell-hello-world",
      "DefPath": "haskell-hello-world/System/Posix/Types",
      "File": "src/Main.hs",
      "Start": 5257,
      "End": 5275
    },
    {
      "DefUnitType": "HaskellPackage",
      "DefUnit": "haskell-hello-world",
      "DefPath": "haskell-hello-world/System/Timeout",
      "File": "src/Main.hs",
      "Start": 5293,
      "End": 5307
    },
    {
      "DefUnitType": "HaskellPackage",
      "DefUnit": "haskell-hello-world",
      "DefPath": "haskell-hello-world/Text/ParserCombinators/ReadP",
      "File": "src/Main.hs",
      "Start": 5325,
      "End": 5353
    },
    {
      "DefUnitType": "HaskellPackage",
      "DefUnit": "haskell-hello-world",
      "DefPath": "haskell-hello-world/Text/ParserCombinators/ReadPrec",
      "File": "src/Main.hs",
      "Start": 5371,
      "End": 5402
    },
    {
      "DefUnitType": "HaskellPackage",
      "DefUnit": "haskell-hello-world",
      "DefPath": "haskell-hello-world/Text/Printf",
      "File": "src/Main.hs",
      "Start": 5420,
      "End": 5431
    },
    {
      "DefUnitType": "HaskellPackage",
      "DefUnit": "haskell-hello-world",
      "DefPath": "haskell-hello-world/Text/Read/Lex",
      "File": "src/Main.hs",
      "Start": 5476,
      "End": 5489
    },
    {
      "DefUnitType": "HaskellPackage",
      "DefUnit": "haskell-hello-world",
      "DefPath": "haskell-hello-world/Text/Read",
      "File": "src/Main.hs",
      "Start": 5449,
      "End": 5458
    },
    {
      "DefUnitType": "HaskellPackage",
      "DefUnit": "haskell-hello-world",
      "DefPath": "haskell-hello-world/Text/Show/Functions",
      "File": "src/Main.hs",
      "Start": 5534,
      "End": 5553
    },
    {
      "DefUnitType": "HaskellPackage",
      "DefUnit": "haskell-hello-world",
      "DefPath": "haskell-hello-world/Text/Show",
      "File": "src/Main.hs",
      "Start": 5507,
      "End": 5516
    },
    {
      "DefUnitType": "HaskellPackage",
      "DefUnit": "haskell-hello-world",
      "DefPath": "haskell-hello-world/Unsafe/Coerce",
      "File": "src/Main.hs",
      "Start": 5571,
      "End": 5584
    }
  ]
}