{"Name":"haskell-simple-tests","Type":"HaskellPackage","Repo":"github.com/sgtest/haskell-cpp-tests","Globs":["src/**/*.hs"],"Files":["src/Main.hs"],"Dir":".","Dependencies":[["base","\u003e=4.7 \u0026\u0026 \u003c4.8"]],"Data":{"CabalFile":"haskell-cpp-tests.cabal","Dirs":["src"],"Rev":""},"Ops":{"depresolve":{"Toolchain":"sourcegraph.com/sourcegraph/srclib-haskell","Subcmd":"depresolve"},"graph":{"Toolchain":"sourcegraph.com/sourcegraph/srclib-haskell","Subcmd":"graph"}}}
