{
  "Defs": [
    {
      "Path": "deepseq/DeepSeq/Control/$!!/Value",
      "TreePath": "deepseq/DeepSeq/Control/$!!/Value",
      "Name": "$!!",
      "Kind": "Value",
      "File": "Control/DeepSeq.hs",
      "DefStart": 4382,
      "DefEnd": 4385,
      "Exported": true,
      "Local": false
    },
    {
      "Path": "deepseq/DeepSeq/Control/NFData/Type",
      "TreePath": "deepseq/DeepSeq/Control/NFData/Type",
      "Name": "NFData",
      "Kind": "Type",
      "File": "Control/DeepSeq.hs",
      "DefStart": 4883,
      "DefEnd": 6929,
      "Exported": true,
      "Local": false
    },
    {
      "Path": "deepseq/DeepSeq/Control/deepseq/Value",
      "TreePath": "deepseq/DeepSeq/Control/deepseq/Value",
      "Name": "deepseq",
      "Kind": "Value",
      "File": "Control/DeepSeq.hs",
      "DefStart": 4156,
      "DefEnd": 4337,
      "Exported": true,
      "Local": false
    },
    {
      "Path": "deepseq/DeepSeq/Control/force/Value",
      "TreePath": "deepseq/DeepSeq/Control/force/Value",
      "Name": "force",
      "Kind": "Value",
      "File": "Control/DeepSeq.hs",
      "DefStart": 4784,
      "DefEnd": 4882,
      "Exported": true,
      "Local": false
    },
    {
      "Path": "deepseq/DeepSeq/Control/grnf/Value",
      "TreePath": "deepseq/DeepSeq/Control/grnf/Value",
      "Name": "grnf",
      "Kind": "Value",
      "File": "Control/DeepSeq.hs",
      "DefStart": 3189,
      "DefEnd": 3232,
      "Exported": true,
      "Local": false
    },
    {
      "Path": "deepseq/DeepSeq/Control/rnf/Value",
      "TreePath": "deepseq/DeepSeq/Control/rnf/Value",
      "Name": "rnf",
      "Kind": "Value",
      "File": "Control/DeepSeq.hs",
      "DefStart": 15153,
      "DefEnd": 15468,
      "Exported": true,
      "Local": false
    }
  ],
  "Refs": [
    {
      "DefRepo": "",
      "DefUnitType": "HaskellPackage",
      "DefUnit": "",
      "DefPath": "deepseq/DeepSeq/Control/$!!/Value",
      "Def": true,
      "Repo": "",
      "File": "Control/DeepSeq.hs",
      "Start": 4382,
      "End": 4385
    },
    {
      "DefRepo": "",
      "DefUnitType": "HaskellPackage",
      "DefUnit": "",
      "DefPath": "deepseq/DeepSeq/Control/deepseq/Value",
      "Def": true,
      "Repo": "",
      "File": "Control/DeepSeq.hs",
      "Start": 4156,
      "End": 4163
    },
    {
      "DefRepo": "",
      "DefUnitType": "HaskellPackage",
      "DefUnit": "",
      "DefPath": "deepseq/DeepSeq/Control/force/Value",
      "Def": true,
      "Repo": "",
      "File": "Control/DeepSeq.hs",
      "Start": 4784,
      "End": 4789
    },
    {
      "DefRepo": "",
      "DefUnitType": "HaskellPackage",
      "DefUnit": "",
      "DefPath": "deepseq/DeepSeq/Control/grnf/Value",
      "Def": true,
      "Repo": "",
      "File": "Control/DeepSeq.hs",
      "Start": 2721,
      "End": 2773
    },
    {
      "DefRepo": "",
      "DefUnitType": "HaskellPackage",
      "DefUnit": "",
      "DefPath": "deepseq/DeepSeq/Control/grnf/Value",
      "Def": true,
      "Repo": "",
      "File": "Control/DeepSeq.hs",
      "Start": 2803,
      "End": 2815
    },
    {
      "DefRepo": "",
      "DefUnitType": "HaskellPackage",
      "DefUnit": "",
      "DefPath": "deepseq/DeepSeq/Control/grnf/Value",
      "Def": true,
      "Repo": "",
      "File": "Control/DeepSeq.hs",
      "Start": 2863,
      "End": 2880
    },
    {
      "DefRepo": "",
      "DefUnitType": "HaskellPackage",
      "DefUnit": "",
      "DefPath": "deepseq/DeepSeq/Control/grnf/Value",
      "Def": true,
      "Repo": "",
      "File": "Control/DeepSeq.hs",
      "Start": 2957,
      "End": 2975
    },
    {
      "DefRepo": "",
      "DefUnitType": "HaskellPackage",
      "DefUnit": "",
      "DefPath": "deepseq/DeepSeq/Control/grnf/Value",
      "Def": true,
      "Repo": "",
      "File": "Control/DeepSeq.hs",
      "Start": 3064,
      "End": 3100
    },
    {
      "DefRepo": "",
      "DefUnitType": "HaskellPackage",
      "DefUnit": "",
      "DefPath": "deepseq/DeepSeq/Control/grnf/Value",
      "Def": true,
      "Repo": "",
      "File": "Control/DeepSeq.hs",
      "Start": 3189,
      "End": 3232
    },
    {
      "DefRepo": "",
      "DefUnitType": "HaskellPackage",
      "DefUnit": "",
      "DefPath": "deepseq/DeepSeq/Control/rnf/Value",
      "Def": true,
      "Repo": "",
      "File": "Control/DeepSeq.hs",
      "Start": 10066,
      "End": 10077
    },
    {
      "DefRepo": "",
      "DefUnitType": "HaskellPackage",
      "DefUnit": "",
      "DefPath": "deepseq/DeepSeq/Control/rnf/Value",
      "Def": true,
      "Repo": "",
      "File": "Control/DeepSeq.hs",
      "Start": 10195,
      "End": 10206
    },
    {
      "DefRepo": "",
      "DefUnitType": "HaskellPackage",
      "DefUnit": "",
      "DefPath": "deepseq/DeepSeq/Control/rnf/Value",
      "Def": true,
      "Repo": "",
      "File": "Control/DeepSeq.hs",
      "Start": 10310,
      "End": 10321
    },
    {
      "DefRepo": "",
      "DefUnitType": "HaskellPackage",
      "DefUnit": "",
      "DefPath": "deepseq/DeepSeq/Control/rnf/Value",
      "Def": true,
      "Repo": "",
      "File": "Control/DeepSeq.hs",
      "Start": 10936,
      "End": 10962
    },
    {
      "DefRepo": "",
      "DefUnitType": "HaskellPackage",
      "DefUnit": "",
      "DefPath": "deepseq/DeepSeq/Control/rnf/Value",
      "Def": true,
      "Repo": "",
      "File": "Control/DeepSeq.hs",
      "Start": 11117,
      "End": 11128
    },
    {
      "DefRepo": "",
      "DefUnitType": "HaskellPackage",
      "DefUnit": "",
      "DefPath": "deepseq/DeepSeq/Control/rnf/Value",
      "Def": true,
      "Repo": "",
      "File": "Control/DeepSeq.hs",
      "Start": 11180,
      "End": 11191
    },
    {
      "DefRepo": "",
      "DefUnitType": "HaskellPackage",
      "DefUnit": "",
      "DefPath": "deepseq/DeepSeq/Control/rnf/Value",
      "Def": true,
      "Repo": "",
      "File": "Control/DeepSeq.hs",
      "Start": 11243,
      "End": 11254
    },
    {
      "DefRepo": "",
      "DefUnitType": "HaskellPackage",
      "DefUnit": "",
      "DefPath": "deepseq/DeepSeq/Control/rnf/Value",
      "Def": true,
      "Repo": "",
      "File": "Control/DeepSeq.hs",
      "Start": 11306,
      "End": 11317
    },
    {
      "DefRepo": "",
      "DefUnitType": "HaskellPackage",
      "DefUnit": "",
      "DefPath": "deepseq/DeepSeq/Control/rnf/Value",
      "Def": true,
      "Repo": "",
      "File": "Control/DeepSeq.hs",
      "Start": 11370,
      "End": 11381
    },
    {
      "DefRepo": "",
      "DefUnitType": "HaskellPackage",
      "DefUnit": "",
      "DefPath": "deepseq/DeepSeq/Control/rnf/Value",
      "Def": true,
      "Repo": "",
      "File": "Control/DeepSeq.hs",
      "Start": 11431,
      "End": 11442
    },
    {
      "DefRepo": "",
      "DefUnitType": "HaskellPackage",
      "DefUnit": "",
      "DefPath": "deepseq/DeepSeq/Control/rnf/Value",
      "Def": true,
      "Repo": "",
      "File": "Control/DeepSeq.hs",
      "Start": 11493,
      "End": 11504
    },
    {
      "DefRepo": "",
      "DefUnitType": "HaskellPackage",
      "DefUnit": "",
      "DefPath": "deepseq/DeepSeq/Control/rnf/Value",
      "Def": true,
      "Repo": "",
      "File": "Control/DeepSeq.hs",
      "Start": 11555,
      "End": 11566
    },
    {
      "DefRepo": "",
      "DefUnitType": "HaskellPackage",
      "DefUnit": "",
      "DefPath": "deepseq/DeepSeq/Control/rnf/Value",
      "Def": true,
      "Repo": "",
      "File": "Control/DeepSeq.hs",
      "Start": 11618,
      "End": 11629
    },
    {
      "DefRepo": "",
      "DefUnitType": "HaskellPackage",
      "DefUnit": "",
      "DefPath": "deepseq/DeepSeq/Control/rnf/Value",
      "Def": true,
      "Repo": "",
      "File": "Control/DeepSeq.hs",
      "Start": 11683,
      "End": 11694
    },
    {
      "DefRepo": "",
      "DefUnitType": "HaskellPackage",
      "DefUnit": "",
      "DefPath": "deepseq/DeepSeq/Control/rnf/Value",
      "Def": true,
      "Repo": "",
      "File": "Control/DeepSeq.hs",
      "Start": 11745,
      "End": 11756
    },
    {
      "DefRepo": "",
      "DefUnitType": "HaskellPackage",
      "DefUnit": "",
      "DefPath": "deepseq/DeepSeq/Control/rnf/Value",
      "Def": true,
      "Repo": "",
      "File": "Control/DeepSeq.hs",
      "Start": 11808,
      "End": 11819
    },
    {
      "DefRepo": "",
      "DefUnitType": "HaskellPackage",
      "DefUnit": "",
      "DefPath": "deepseq/DeepSeq/Control/rnf/Value",
      "Def": true,
      "Repo": "",
      "File": "Control/DeepSeq.hs",
      "Start": 11875,
      "End": 11886
    },
    {
      "DefRepo": "",
      "DefUnitType": "HaskellPackage",
      "DefUnit": "",
      "DefPath": "deepseq/DeepSeq/Control/rnf/Value",
      "Def": true,
      "Repo": "",
      "File": "Control/DeepSeq.hs",
      "Start": 11938,
      "End": 11949
    },
    {
      "DefRepo": "",
      "DefUnitType": "HaskellPackage",
      "DefUnit": "",
      "DefPath": "deepseq/DeepSeq/Control/rnf/Value",
      "Def": true,
      "Repo": "",
      "File": "Control/DeepSeq.hs",
      "Start": 12002,
      "End": 12013
    },
    {
      "DefRepo": "",
      "DefUnitType": "HaskellPackage",
      "DefUnit": "",
      "DefPath": "deepseq/DeepSeq/Control/rnf/Value",
      "Def": true,
      "Repo": "",
      "File": "Control/DeepSeq.hs",
      "Start": 12066,
      "End": 12077
    },
    {
      "DefRepo": "",
      "DefUnitType": "HaskellPackage",
      "DefUnit": "",
      "DefPath": "deepseq/DeepSeq/Control/rnf/Value",
      "Def": true,
      "Repo": "",
      "File": "Control/DeepSeq.hs",
      "Start": 12131,
      "End": 12142
    },
    {
      "DefRepo": "",
      "DefUnitType": "HaskellPackage",
      "DefUnit": "",
      "DefPath": "deepseq/DeepSeq/Control/rnf/Value",
      "Def": true,
      "Repo": "",
      "File": "Control/DeepSeq.hs",
      "Start": 12195,
      "End": 12206
    },
    {
      "DefRepo": "",
      "DefUnitType": "HaskellPackage",
      "DefUnit": "",
      "DefPath": "deepseq/DeepSeq/Control/rnf/Value",
      "Def": true,
      "Repo": "",
      "File": "Control/DeepSeq.hs",
      "Start": 12260,
      "End": 12271
    },
    {
      "DefRepo": "",
      "DefUnitType": "HaskellPackage",
      "DefUnit": "",
      "DefPath": "deepseq/DeepSeq/Control/rnf/Value",
      "Def": true,
      "Repo": "",
      "File": "Control/DeepSeq.hs",
      "Start": 12323,
      "End": 12334
    },
    {
      "DefRepo": "",
      "DefUnitType": "HaskellPackage",
      "DefUnit": "",
      "DefPath": "deepseq/DeepSeq/Control/rnf/Value",
      "Def": true,
      "Repo": "",
      "File": "Control/DeepSeq.hs",
      "Start": 12385,
      "End": 12396
    },
    {
      "DefRepo": "",
      "DefUnitType": "HaskellPackage",
      "DefUnit": "",
      "DefPath": "deepseq/DeepSeq/Control/rnf/Value",
      "Def": true,
      "Repo": "",
      "File": "Control/DeepSeq.hs",
      "Start": 12479,
      "End": 12490
    },
    {
      "DefRepo": "",
      "DefUnitType": "HaskellPackage",
      "DefUnit": "",
      "DefPath": "deepseq/DeepSeq/Control/rnf/Value",
      "Def": true,
      "Repo": "",
      "File": "Control/DeepSeq.hs",
      "Start": 12546,
      "End": 12557
    },
    {
      "DefRepo": "",
      "DefUnitType": "HaskellPackage",
      "DefUnit": "",
      "DefPath": "deepseq/DeepSeq/Control/rnf/Value",
      "Def": true,
      "Repo": "",
      "File": "Control/DeepSeq.hs",
      "Start": 12616,
      "End": 12627
    },
    {
      "DefRepo": "",
      "DefUnitType": "HaskellPackage",
      "DefUnit": "",
      "DefPath": "deepseq/DeepSeq/Control/rnf/Value",
      "Def": true,
      "Repo": "",
      "File": "Control/DeepSeq.hs",
      "Start": 12680,
      "End": 12691
    },
    {
      "DefRepo": "",
      "DefUnitType": "HaskellPackage",
      "DefUnit": "",
      "DefPath": "deepseq/DeepSeq/Control/rnf/Value",
      "Def": true,
      "Repo": "",
      "File": "Control/DeepSeq.hs",
      "Start": 12886,
      "End": 12897
    },
    {
      "DefRepo": "",
      "DefUnitType": "HaskellPackage",
      "DefUnit": "",
      "DefPath": "deepseq/DeepSeq/Control/rnf/Value",
      "Def": true,
      "Repo": "",
      "File": "Control/DeepSeq.hs",
      "Start": 12948,
      "End": 12959
    },
    {
      "DefRepo": "",
      "DefUnitType": "HaskellPackage",
      "DefUnit": "",
      "DefPath": "deepseq/DeepSeq/Control/rnf/Value",
      "Def": true,
      "Repo": "",
      "File": "Control/DeepSeq.hs",
      "Start": 13012,
      "End": 13023
    },
    {
      "DefRepo": "",
      "DefUnitType": "HaskellPackage",
      "DefUnit": "",
      "DefPath": "deepseq/DeepSeq/Control/rnf/Value",
      "Def": true,
      "Repo": "",
      "File": "Control/DeepSeq.hs",
      "Start": 13167,
      "End": 13196
    },
    {
      "DefRepo": "",
      "DefUnitType": "HaskellPackage",
      "DefUnit": "",
      "DefPath": "deepseq/DeepSeq/Control/rnf/Value",
      "Def": true,
      "Repo": "",
      "File": "Control/DeepSeq.hs",
      "Start": 13264,
      "End": 13307
    },
    {
      "DefRepo": "",
      "DefUnitType": "HaskellPackage",
      "DefUnit": "",
      "DefPath": "deepseq/DeepSeq/Control/rnf/Value",
      "Def": true,
      "Repo": "",
      "File": "Control/DeepSeq.hs",
      "Start": 13387,
      "End": 13518
    },
    {
      "DefRepo": "",
      "DefUnitType": "HaskellPackage",
      "DefUnit": "",
      "DefPath": "deepseq/DeepSeq/Control/rnf/Value",
      "Def": true,
      "Repo": "",
      "File": "Control/DeepSeq.hs",
      "Start": 13633,
      "End": 13808
    },
    {
      "DefRepo": "",
      "DefUnitType": "HaskellPackage",
      "DefUnit": "",
      "DefPath": "deepseq/DeepSeq/Control/rnf/Value",
      "Def": true,
      "Repo": "",
      "File": "Control/DeepSeq.hs",
      "Start": 13938,
      "End": 14148
    },
    {
      "DefRepo": "",
      "DefUnitType": "HaskellPackage",
      "DefUnit": "",
      "DefPath": "deepseq/DeepSeq/Control/rnf/Value",
      "Def": true,
      "Repo": "",
      "File": "Control/DeepSeq.hs",
      "Start": 14293,
      "End": 14538
    },
    {
      "DefRepo": "",
      "DefUnitType": "HaskellPackage",
      "DefUnit": "",
      "DefPath": "deepseq/DeepSeq/Control/rnf/Value",
      "Def": true,
      "Repo": "",
      "File": "Control/DeepSeq.hs",
      "Start": 14698,
      "End": 14978
    },
    {
      "DefRepo": "",
      "DefUnitType": "HaskellPackage",
      "DefUnit": "",
      "DefPath": "deepseq/DeepSeq/Control/rnf/Value",
      "Def": true,
      "Repo": "",
      "File": "Control/DeepSeq.hs",
      "Start": 15153,
      "End": 15468
    },
    {
      "DefRepo": "",
      "DefUnitType": "HaskellPackage",
      "DefUnit": "",
      "DefPath": "deepseq/DeepSeq/Control/rnf/Value",
      "Def": true,
      "Repo": "",
      "File": "Control/DeepSeq.hs",
      "Start": 6912,
      "End": 6929
    },
    {
      "DefRepo": "",
      "DefUnitType": "HaskellPackage",
      "DefUnit": "",
      "DefPath": "deepseq/DeepSeq/Control/rnf/Value",
      "Def": true,
      "Repo": "",
      "File": "Control/DeepSeq.hs",
      "Start": 6969,
      "End": 6980
    },
    {
      "DefRepo": "",
      "DefUnitType": "HaskellPackage",
      "DefUnit": "",
      "DefPath": "deepseq/DeepSeq/Control/rnf/Value",
      "Def": true,
      "Repo": "",
      "File": "Control/DeepSeq.hs",
      "Start": 7012,
      "End": 7023
    },
    {
      "DefRepo": "",
      "DefUnitType": "HaskellPackage",
      "DefUnit": "",
      "DefPath": "deepseq/DeepSeq/Control/rnf/Value",
      "Def": true,
      "Repo": "",
      "File": "Control/DeepSeq.hs",
      "Start": 7055,
      "End": 7066
    },
    {
      "DefRepo": "",
      "DefUnitType": "HaskellPackage",
      "DefUnit": "",
      "DefPath": "deepseq/DeepSeq/Control/rnf/Value",
      "Def": true,
      "Repo": "",
      "File": "Control/DeepSeq.hs",
      "Start": 7098,
      "End": 7109
    },
    {
      "DefRepo": "",
      "DefUnitType": "HaskellPackage",
      "DefUnit": "",
      "DefPath": "deepseq/DeepSeq/Control/rnf/Value",
      "Def": true,
      "Repo": "",
      "File": "Control/DeepSeq.hs",
      "Start": 7141,
      "End": 7152
    },
    {
      "DefRepo": "",
      "DefUnitType": "HaskellPackage",
      "DefUnit": "",
      "DefPath": "deepseq/DeepSeq/Control/rnf/Value",
      "Def": true,
      "Repo": "",
      "File": "Control/DeepSeq.hs",
      "Start": 7185,
      "End": 7196
    },
    {
      "DefRepo": "",
      "DefUnitType": "HaskellPackage",
      "DefUnit": "",
      "DefPath": "deepseq/DeepSeq/Control/rnf/Value",
      "Def": true,
      "Repo": "",
      "File": "Control/DeepSeq.hs",
      "Start": 7228,
      "End": 7239
    },
    {
      "DefRepo": "",
      "DefUnitType": "HaskellPackage",
      "DefUnit": "",
      "DefPath": "deepseq/DeepSeq/Control/rnf/Value",
      "Def": true,
      "Repo": "",
      "File": "Control/DeepSeq.hs",
      "Start": 7271,
      "End": 7282
    },
    {
      "DefRepo": "",
      "DefUnitType": "HaskellPackage",
      "DefUnit": "",
      "DefPath": "deepseq/DeepSeq/Control/rnf/Value",
      "Def": true,
      "Repo": "",
      "File": "Control/DeepSeq.hs",
      "Start": 7315,
      "End": 7326
    },
    {
      "DefRepo": "",
      "DefUnitType": "HaskellPackage",
      "DefUnit": "",
      "DefPath": "deepseq/DeepSeq/Control/rnf/Value",
      "Def": true,
      "Repo": "",
      "File": "Control/DeepSeq.hs",
      "Start": 7358,
      "End": 7369
    },
    {
      "DefRepo": "",
      "DefUnitType": "HaskellPackage",
      "DefUnit": "",
      "DefPath": "deepseq/DeepSeq/Control/rnf/Value",
      "Def": true,
      "Repo": "",
      "File": "Control/DeepSeq.hs",
      "Start": 7401,
      "End": 7412
    },
    {
      "DefRepo": "",
      "DefUnitType": "HaskellPackage",
      "DefUnit": "",
      "DefPath": "deepseq/DeepSeq/Control/rnf/Value",
      "Def": true,
      "Repo": "",
      "File": "Control/DeepSeq.hs",
      "Start": 7444,
      "End": 7455
    },
    {
      "DefRepo": "",
      "DefUnitType": "HaskellPackage",
      "DefUnit": "",
      "DefPath": "deepseq/DeepSeq/Control/rnf/Value",
      "Def": true,
      "Repo": "",
      "File": "Control/DeepSeq.hs",
      "Start": 7488,
      "End": 7499
    },
    {
      "DefRepo": "",
      "DefUnitType": "HaskellPackage",
      "DefUnit": "",
      "DefPath": "deepseq/DeepSeq/Control/rnf/Value",
      "Def": true,
      "Repo": "",
      "File": "Control/DeepSeq.hs",
      "Start": 7531,
      "End": 7542
    },
    {
      "DefRepo": "",
      "DefUnitType": "HaskellPackage",
      "DefUnit": "",
      "DefPath": "deepseq/DeepSeq/Control/rnf/Value",
      "Def": true,
      "Repo": "",
      "File": "Control/DeepSeq.hs",
      "Start": 7574,
      "End": 7585
    },
    {
      "DefRepo": "",
      "DefUnitType": "HaskellPackage",
      "DefUnit": "",
      "DefPath": "deepseq/DeepSeq/Control/rnf/Value",
      "Def": true,
      "Repo": "",
      "File": "Control/DeepSeq.hs",
      "Start": 7617,
      "End": 7628
    },
    {
      "DefRepo": "",
      "DefUnitType": "HaskellPackage",
      "DefUnit": "",
      "DefPath": "deepseq/DeepSeq/Control/rnf/Value",
      "Def": true,
      "Repo": "",
      "File": "Control/DeepSeq.hs",
      "Start": 7711,
      "End": 7725
    },
    {
      "DefRepo": "",
      "DefUnitType": "HaskellPackage",
      "DefUnit": "",
      "DefPath": "deepseq/DeepSeq/Control/rnf/Value",
      "Def": true,
      "Repo": "",
      "File": "Control/DeepSeq.hs",
      "Start": 8088,
      "End": 8099
    },
    {
      "DefRepo": "",
      "DefUnitType": "HaskellPackage",
      "DefUnit": "",
      "DefPath": "deepseq/DeepSeq/Control/rnf/Value",
      "Def": true,
      "Repo": "",
      "File": "Control/DeepSeq.hs",
      "Start": 8281,
      "End": 8292
    },
    {
      "DefRepo": "",
      "DefUnitType": "HaskellPackage",
      "DefUnit": "",
      "DefPath": "deepseq/DeepSeq/Control/rnf/Value",
      "Def": true,
      "Repo": "",
      "File": "Control/DeepSeq.hs",
      "Start": 8387,
      "End": 8427
    },
    {
      "DefRepo": "",
      "DefUnitType": "HaskellPackage",
      "DefUnit": "",
      "DefPath": "deepseq/DeepSeq/Control/rnf/Value",
      "Def": true,
      "Repo": "",
      "File": "Control/DeepSeq.hs",
      "Start": 8492,
      "End": 8561
    },
    {
      "DefRepo": "",
      "DefUnitType": "HaskellPackage",
      "DefUnit": "",
      "DefPath": "deepseq/DeepSeq/Control/rnf/Value",
      "Def": true,
      "Repo": "",
      "File": "Control/DeepSeq.hs",
      "Start": 8611,
      "End": 8653
    },
    {
      "DefRepo": "",
      "DefUnitType": "HaskellPackage",
      "DefUnit": "",
      "DefPath": "deepseq/DeepSeq/Control/rnf/Value",
      "Def": true,
      "Repo": "",
      "File": "Control/DeepSeq.hs",
      "Start": 8718,
      "End": 8765
    },
    {
      "DefRepo": "",
      "DefUnitType": "HaskellPackage",
      "DefUnit": "",
      "DefPath": "deepseq/DeepSeq/Control/rnf/Value",
      "Def": true,
      "Repo": "",
      "File": "Control/DeepSeq.hs",
      "Start": 8835,
      "End": 8901
    },
    {
      "DefRepo": "",
      "DefUnitType": "HaskellPackage",
      "DefUnit": "",
      "DefPath": "deepseq/DeepSeq/Control/rnf/Value",
      "Def": true,
      "Repo": "",
      "File": "Control/DeepSeq.hs",
      "Start": 8945,
      "End": 8992
    },
    {
      "DefRepo": "",
      "DefUnitType": "HaskellPackage",
      "DefUnit": "",
      "DefPath": "deepseq/DeepSeq/Control/rnf/Value",
      "Def": true,
      "Repo": "",
      "File": "Control/DeepSeq.hs",
      "Start": 9065,
      "End": 9087
    },
    {
      "DefRepo": "",
      "DefUnitType": "HaskellPackage",
      "DefUnit": "",
      "DefPath": "deepseq/DeepSeq/Control/rnf/Value",
      "Def": true,
      "Repo": "",
      "File": "Control/DeepSeq.hs",
      "Start": 9160,
      "End": 9180
    },
    {
      "DefRepo": "",
      "DefUnitType": "HaskellPackage",
      "DefUnit": "",
      "DefPath": "deepseq/DeepSeq/Control/rnf/Value",
      "Def": true,
      "Repo": "",
      "File": "Control/DeepSeq.hs",
      "Start": 9250,
      "End": 9292
    },
    {
      "DefRepo": "",
      "DefUnitType": "HaskellPackage",
      "DefUnit": "",
      "DefPath": "deepseq/DeepSeq/Control/rnf/Value",
      "Def": true,
      "Repo": "",
      "File": "Control/DeepSeq.hs",
      "Start": 9390,
      "End": 9410
    },
    {
      "DefRepo": "",
      "DefUnitType": "HaskellPackage",
      "DefUnit": "",
      "DefPath": "deepseq/DeepSeq/Control/rnf/Value",
      "Def": true,
      "Repo": "",
      "File": "Control/DeepSeq.hs",
      "Start": 9487,
      "End": 9506
    },
    {
      "DefRepo": "",
      "DefUnitType": "HaskellPackage",
      "DefUnit": "",
      "DefPath": "deepseq/DeepSeq/Control/rnf/Value",
      "Def": true,
      "Repo": "",
      "File": "Control/DeepSeq.hs",
      "Start": 9577,
      "End": 9597
    },
    {
      "DefRepo": "",
      "DefUnitType": "HaskellPackage",
      "DefUnit": "",
      "DefPath": "deepseq/DeepSeq/Control/rnf/Value",
      "Def": true,
      "Repo": "",
      "File": "Control/DeepSeq.hs",
      "Start": 9667,
      "End": 9686
    },
    {
      "DefRepo": "",
      "DefUnitType": "HaskellPackage",
      "DefUnit": "",
      "DefPath": "deepseq/DeepSeq/Control/rnf/Value",
      "Def": true,
      "Repo": "",
      "File": "Control/DeepSeq.hs",
      "Start": 9735,
      "End": 9753
    },
    {
      "DefRepo": "",
      "DefUnitType": "HaskellPackage",
      "DefUnit": "",
      "DefPath": "deepseq/DeepSeq/Control/rnf/Value",
      "Def": true,
      "Repo": "",
      "File": "Control/DeepSeq.hs",
      "Start": 9802,
      "End": 9820
    },
    {
      "DefRepo": "",
      "DefUnitType": "HaskellPackage",
      "DefUnit": "",
      "DefPath": "deepseq/DeepSeq/Control/rnf/Value",
      "Def": true,
      "Repo": "",
      "File": "Control/DeepSeq.hs",
      "Start": 9889,
      "End": 9907
    },
    {
      "DefRepo": "",
      "DefUnitType": "HaskellPackage",
      "DefUnit": "",
      "DefPath": "deepseq/DeepSeq/Control/rnf/Value",
      "Def": true,
      "Repo": "",
      "File": "Control/DeepSeq.hs",
      "Start": 9980,
      "End": 10002
    }
  ]
}