[{"Raw":"HUnit","Target":{"ToVersionString":"","ToUnit":"HUnit","ToRepoCloneURL":"","ToRevSpec":"","ToUnitType":"HaskellPackage"}},{"Raw":"array","Target":{"ToVersionString":"","ToUnit":"array","ToRepoCloneURL":"","ToRevSpec":"","ToUnitType":"HaskellPackage"}},{"Raw":"base","Target":{"ToVersionString":"","ToUnit":"base","ToRepoCloneURL":"","ToRevSpec":"","ToUnitType":"HaskellPackage"}},{"Raw":"ghc-prim","Target":{"ToVersionString":"","ToUnit":"ghc-prim","ToRepoCloneURL":"","ToRevSpec":"","ToUnitType":"HaskellPackage"}},{"Raw":"test-framework","Target":{"ToVersionString":"","ToUnit":"test-framework","ToRepoCloneURL":"","ToRevSpec":"","ToUnitType":"HaskellPackage"}},{"Raw":"test-framework-hunit","Target":{"ToVersionString":"","ToUnit":"test-framework-hunit","ToRepoCloneURL":"","ToRevSpec":"","ToUnitType":"HaskellPackage"}}]
