{
  "Defs": [
    {
      "Path": "haskell-simple-tests/Main/a/Value/a1zs",
      "TreePath": "haskell-simple-tests/Main/a/Value/a1zs",
      "Name": "a",
      "Kind": "Value",
      "File": "src/Main.hs",
      "DefStart": 191,
      "DefEnd": 192,
      "Exported": false,
      "Local": false
    },
    {
      "Path": "haskell-simple-tests/Main/b/Value/a1zt",
      "TreePath": "haskell-simple-tests/Main/b/Value/a1zt",
      "Name": "b",
      "Kind": "Value",
      "File": "src/Main.hs",
      "DefStart": 197,
      "DefEnd": 198,
      "Exported": false,
      "Local": false
    },
    {
      "Path": "haskell-simple-tests/Main/bar/Value/a1Bq",
      "TreePath": "haskell-simple-tests/Main/bar/Value/a1Bq",
      "Name": "bar",
      "Kind": "Value",
      "File": "src/Main.hs",
      "DefStart": 352,
      "DefEnd": 355,
      "Exported": false,
      "Local": false
    },
    {
      "Path": "haskell-simple-tests/Main/dump/Value",
      "TreePath": "haskell-simple-tests/Main/dump/Value",
      "Name": "dump",
      "Kind": "Value",
      "File": "src/Main.hs",
      "DefStart": 221,
      "DefEnd": 263,
      "Exported": true,
      "Local": false
    },
    {
      "Path": "haskell-simple-tests/Main/dump/Value/a1SQ",
      "TreePath": "haskell-simple-tests/Main/dump/Value/a1SQ",
      "Name": "dump",
      "Kind": "Value",
      "File": "src/Main.hs",
      "DefStart": 372,
      "DefEnd": 388,
      "Exported": false,
      "Local": false
    },
    {
      "Path": "haskell-simple-tests/Main/foo/Value/a1Bp",
      "TreePath": "haskell-simple-tests/Main/foo/Value/a1Bp",
      "Name": "foo",
      "Kind": "Value",
      "File": "src/Main.hs",
      "DefStart": 336,
      "DefEnd": 339,
      "Exported": false,
      "Local": false
    },
    {
      "Path": "haskell-simple-tests/Main/hello/Value",
      "TreePath": "haskell-simple-tests/Main/hello/Value",
      "Name": "hello",
      "Kind": "Value",
      "File": "src/Main.hs",
      "DefStart": 265,
      "DefEnd": 322,
      "Exported": true,
      "Local": false
    },
    {
      "Path": "haskell-simple-tests/Main/identity/Value",
      "TreePath": "haskell-simple-tests/Main/identity/Value",
      "Name": "identity",
      "Kind": "Value",
      "File": "src/Main.hs",
      "DefStart": 206,
      "DefEnd": 219,
      "Exported": true,
      "Local": false
    },
    {
      "Path": "haskell-simple-tests/Main/main/Value",
      "TreePath": "haskell-simple-tests/Main/main/Value",
      "Name": "main",
      "Kind": "Value",
      "File": "src/Main.hs",
      "DefStart": 324,
      "DefEnd": 432,
      "Exported": true,
      "Local": false
    },
    {
      "Path": "haskell-simple-tests/Main/x/Value/a1Bo",
      "TreePath": "haskell-simple-tests/Main/x/Value/a1Bo",
      "Name": "x",
      "Kind": "Value",
      "File": "src/Main.hs",
      "DefStart": 248,
      "DefEnd": 249,
      "Exported": false,
      "Local": false
    },
    {
      "Path": "haskell-simple-tests/Main/█/Value",
      "TreePath": "haskell-simple-tests/Main/█/Value",
      "Name": "█",
      "Kind": "Value",
      "File": "src/Main.hs",
      "DefStart": 191,
      "DefEnd": 204,
      "Exported": true,
      "Local": false
    },
    {
      "Path": "haskell-simple-tests/Main/█/Value/a1Bt",
      "TreePath": "haskell-simple-tests/Main/█/Value/a1Bt",
      "Name": "█",
      "Kind": "Value",
      "File": "src/Main.hs",
      "DefStart": 391,
      "DefEnd": 396,
      "Exported": false,
      "Local": false
    }
  ],
  "Refs": [
    {
      "DefRepo": "git.haskell.org/packages/base",
      "DefUnitType": "HaskellPackage",
      "DefUnit": "base",
      "DefPath": "base/GHC/Base/$/Value",
      "Def": false,
      "Repo": "",
      "File": "src/Main.hs",
      "Start": 408,
      "End": 409
    },
    {
      "DefRepo": "git.haskell.org/packages/base",
      "DefUnitType": "HaskellPackage",
      "DefUnit": "base",
      "DefPath": "base/GHC/Base/id/Value",
      "Def": false,
      "Repo": "",
      "File": "src/Main.hs",
      "Start": 217,
      "End": 219
    },
    {
      "DefRepo": "git.haskell.org/packages/base",
      "DefUnitType": "HaskellPackage",
      "DefUnit": "base",
      "DefPath": "base/GHC/Err/undefined/Value",
      "Def": false,
      "Repo": "",
      "File": "src/Main.hs",
      "Start": 379,
      "End": 388
    },
    {
      "DefRepo": "git.haskell.org/packages/base",
      "DefUnitType": "HaskellPackage",
      "DefUnit": "base",
      "DefPath": "base/GHC/Err/undefined/Value",
      "Def": false,
      "Repo": "",
      "File": "src/Main.hs",
      "Start": 410,
      "End": 419
    },
    {
      "DefRepo": "git.haskell.org/packages/base",
      "DefUnitType": "HaskellPackage",
      "DefUnit": "base",
      "DefPath": "base/System/IO/putStrLn/Value",
      "Def": false,
      "Repo": "",
      "File": "src/Main.hs",
      "Start": 231,
      "End": 239
    },
    {
      "DefRepo": "git.haskell.org/packages/base",
      "DefUnitType": "HaskellPackage",
      "DefUnit": "base",
      "DefPath": "base/System/IO/putStrLn/Value",
      "Def": false,
      "Repo": "",
      "File": "src/Main.hs",
      "Start": 253,
      "End": 261
    },
    {
      "DefRepo": "",
      "DefUnitType": "HaskellPackage",
      "DefUnit": "haskell-simple-tests",
      "DefPath": "haskell-simple-tests/Main/a/Value/a1zs",
      "Def": true,
      "Repo": "",
      "File": "src/Main.hs",
      "Start": 191,
      "End": 192
    },
    {
      "DefRepo": "",
      "DefUnitType": "HaskellPackage",
      "DefUnit": "haskell-simple-tests",
      "DefPath": "haskell-simple-tests/Main/a/Value/a1zs",
      "Def": false,
      "Repo": "",
      "File": "src/Main.hs",
      "Start": 201,
      "End": 202
    },
    {
      "DefRepo": "",
      "DefUnitType": "HaskellPackage",
      "DefUnit": "haskell-simple-tests",
      "DefPath": "haskell-simple-tests/Main/b/Value/a1zt",
      "Def": true,
      "Repo": "",
      "File": "src/Main.hs",
      "Start": 197,
      "End": 198
    },
    {
      "DefRepo": "",
      "DefUnitType": "HaskellPackage",
      "DefUnit": "haskell-simple-tests",
      "DefPath": "haskell-simple-tests/Main/b/Value/a1zt",
      "Def": false,
      "Repo": "",
      "File": "src/Main.hs",
      "Start": 203,
      "End": 204
    },
    {
      "DefRepo": "",
      "DefUnitType": "HaskellPackage",
      "DefUnit": "haskell-simple-tests",
      "DefPath": "haskell-simple-tests/Main/bar/Value/a1Bq",
      "Def": true,
      "Repo": "",
      "File": "src/Main.hs",
      "Start": 352,
      "End": 355
    },
    {
      "DefRepo": "",
      "DefUnitType": "HaskellPackage",
      "DefUnit": "haskell-simple-tests",
      "DefPath": "haskell-simple-tests/Main/dump/Value/a1SQ",
      "Def": true,
      "Repo": "",
      "File": "src/Main.hs",
      "Start": 372,
      "End": 376
    },
    {
      "DefRepo": "",
      "DefUnitType": "HaskellPackage",
      "DefUnit": "haskell-simple-tests",
      "DefPath": "haskell-simple-tests/Main/dump/Value/a1SQ",
      "Def": true,
      "Repo": "",
      "File": "src/Main.hs",
      "Start": 372,
      "End": 388
    },
    {
      "DefRepo": "",
      "DefUnitType": "HaskellPackage",
      "DefUnit": "haskell-simple-tests",
      "DefPath": "haskell-simple-tests/Main/dump/Value/a1SQ",
      "Def": false,
      "Repo": "",
      "File": "src/Main.hs",
      "Start": 420,
      "End": 424
    },
    {
      "DefRepo": "",
      "DefUnitType": "HaskellPackage",
      "DefUnit": "haskell-simple-tests",
      "DefPath": "haskell-simple-tests/Main/dump/Value",
      "Def": false,
      "Repo": "",
      "File": "src/Main.hs",
      "Start": 145,
      "End": 160
    },
    {
      "DefRepo": "",
      "DefUnitType": "HaskellPackage",
      "DefUnit": "haskell-simple-tests",
      "DefPath": "haskell-simple-tests/Main/dump/Value",
      "Def": true,
      "Repo": "",
      "File": "src/Main.hs",
      "Start": 221,
      "End": 225
    },
    {
      "DefRepo": "",
      "DefUnitType": "HaskellPackage",
      "DefUnit": "haskell-simple-tests",
      "DefPath": "haskell-simple-tests/Main/dump/Value",
      "Def": false,
      "Repo": "",
      "File": "src/Main.hs",
      "Start": 286,
      "End": 290
    },
    {
      "DefRepo": "",
      "DefUnitType": "HaskellPackage",
      "DefUnit": "haskell-simple-tests",
      "DefPath": "haskell-simple-tests/Main/foo/Value/a1Bp",
      "Def": true,
      "Repo": "",
      "File": "src/Main.hs",
      "Start": 336,
      "End": 339
    },
    {
      "DefRepo": "",
      "DefUnitType": "HaskellPackage",
      "DefUnit": "haskell-simple-tests",
      "DefPath": "haskell-simple-tests/Main/hello/Value",
      "Def": false,
      "Repo": "",
      "File": "src/Main.hs",
      "Start": 171,
      "End": 175
    },
    {
      "DefRepo": "",
      "DefUnitType": "HaskellPackage",
      "DefUnit": "haskell-simple-tests",
      "DefPath": "haskell-simple-tests/Main/hello/Value",
      "Def": true,
      "Repo": "",
      "File": "src/Main.hs",
      "Start": 265,
      "End": 270
    },
    {
      "DefRepo": "",
      "DefUnitType": "HaskellPackage",
      "DefUnit": "haskell-simple-tests",
      "DefPath": "haskell-simple-tests/Main/hello/Value",
      "Def": false,
      "Repo": "",
      "File": "src/Main.hs",
      "Start": 344,
      "End": 349
    },
    {
      "DefRepo": "",
      "DefUnitType": "HaskellPackage",
      "DefUnit": "haskell-simple-tests",
      "DefPath": "haskell-simple-tests/Main/hello/Value",
      "Def": false,
      "Repo": "",
      "File": "src/Main.hs",
      "Start": 360,
      "End": 365
    },
    {
      "DefRepo": "",
      "DefUnitType": "HaskellPackage",
      "DefUnit": "haskell-simple-tests",
      "DefPath": "haskell-simple-tests/Main/hello/Value",
      "Def": false,
      "Repo": "",
      "File": "src/Main.hs",
      "Start": 427,
      "End": 432
    },
    {
      "DefRepo": "",
      "DefUnitType": "HaskellPackage",
      "DefUnit": "haskell-simple-tests",
      "DefPath": "haskell-simple-tests/Main/identity/Value",
      "Def": false,
      "Repo": "",
      "File": "src/Main.hs",
      "Start": 128,
      "End": 135
    },
    {
      "DefRepo": "",
      "DefUnitType": "HaskellPackage",
      "DefUnit": "haskell-simple-tests",
      "DefPath": "haskell-simple-tests/Main/identity/Value",
      "Def": true,
      "Repo": "",
      "File": "src/Main.hs",
      "Start": 206,
      "End": 214
    },
    {
      "DefRepo": "",
      "DefUnitType": "HaskellPackage",
      "DefUnit": "haskell-simple-tests",
      "DefPath": "haskell-simple-tests/Main/identity/Value",
      "Def": false,
      "Repo": "",
      "File": "src/Main.hs",
      "Start": 273,
      "End": 281
    },
    {
      "DefRepo": "",
      "DefUnitType": "HaskellPackage",
      "DefUnit": "haskell-simple-tests",
      "DefPath": "haskell-simple-tests/Main/identity/Value",
      "Def": false,
      "Repo": "",
      "File": "src/Main.hs",
      "Start": 295,
      "End": 303
    },
    {
      "DefRepo": "",
      "DefUnitType": "HaskellPackage",
      "DefUnit": "haskell-simple-tests",
      "DefPath": "haskell-simple-tests/Main/main/Value",
      "Def": false,
      "Repo": "",
      "File": "src/Main.hs",
      "Start": 185,
      "End": 189
    },
    {
      "DefRepo": "",
      "DefUnitType": "HaskellPackage",
      "DefUnit": "haskell-simple-tests",
      "DefPath": "haskell-simple-tests/Main/main/Value",
      "Def": true,
      "Repo": "",
      "File": "src/Main.hs",
      "Start": 324,
      "End": 328
    },
    {
      "DefRepo": "",
      "DefUnitType": "HaskellPackage",
      "DefUnit": "haskell-simple-tests",
      "DefPath": "haskell-simple-tests/Main/x/Value/a1Bo",
      "Def": true,
      "Repo": "",
      "File": "src/Main.hs",
      "Start": 248,
      "End": 249
    },
    {
      "DefRepo": "",
      "DefUnitType": "HaskellPackage",
      "DefUnit": "haskell-simple-tests",
      "DefPath": "haskell-simple-tests/Main/x/Value/a1Bo",
      "Def": false,
      "Repo": "",
      "File": "src/Main.hs",
      "Start": 262,
      "End": 263
    },
    {
      "DefRepo": "",
      "DefUnitType": "HaskellPackage",
      "DefUnit": "haskell-simple-tests",
      "DefPath": "haskell-simple-tests/Main/█/Value/a1Bt",
      "Def": true,
      "Repo": "",
      "File": "src/Main.hs",
      "Start": 391,
      "End": 396
    },
    {
      "DefRepo": "",
      "DefUnitType": "HaskellPackage",
      "DefUnit": "haskell-simple-tests",
      "DefPath": "haskell-simple-tests/Main/█/Value",
      "Def": false,
      "Repo": "",
      "File": "src/Main.hs",
      "Start": 193,
      "End": 196
    },
    {
      "DefRepo": "",
      "DefUnitType": "HaskellPackage",
      "DefUnit": "haskell-simple-tests",
      "DefPath": "haskell-simple-tests/Main/█/Value",
      "Def": false,
      "Repo": "",
      "File": "src/Main.hs",
      "Start": 282,
      "End": 285
    },
    {
      "DefRepo": "",
      "DefUnitType": "HaskellPackage",
      "DefUnit": "haskell-simple-tests",
      "DefPath": "haskell-simple-tests/Main/█/Value",
      "Def": false,
      "Repo": "",
      "File": "src/Main.hs",
      "Start": 291,
      "End": 294
    },
    {
      "DefRepo": "",
      "DefUnitType": "HaskellPackage",
      "DefUnit": "haskell-simple-tests",
      "DefPath": "haskell-simple-tests/Main/█/Value",
      "Def": false,
      "Repo": "",
      "File": "src/Main.hs",
      "Start": 304,
      "End": 307
    },
    {
      "DefRepo": "",
      "DefUnitType": "HaskellPackage",
      "DefUnit": "haskell-simple-tests",
      "DefPath": "haskell-simple-tests/Main/█/Value",
      "Def": false,
      "Repo": "",
      "File": "src/Main.hs",
      "Start": 93,
      "End": 114
    }
  ]
}