{
  "Defs": [
    {
      "Path": "haskell-simple-tests/Main/%%/Value",
      "TreePath": "haskell-simple-tests/Main/%%/Value",
      "Name": "%%",
      "Kind": "Value",
      "File": "src/Main.hs",
      "DefStart": 147,
      "DefEnd": 159,
      "Exported": true,
      "Local": false
    },
    {
      "Path": "haskell-simple-tests/Main/%%/Value/a1Bt",
      "TreePath": "haskell-simple-tests/Main/%%/Value/a1Bt",
      "Name": "%%",
      "Kind": "Value",
      "File": "src/Main.hs",
      "DefStart": 341,
      "DefEnd": 345,
      "Exported": false,
      "Local": false
    },
    {
      "Path": "haskell-simple-tests/Main/a/Value/a1zs",
      "TreePath": "haskell-simple-tests/Main/a/Value/a1zs",
      "Name": "a",
      "Kind": "Value",
      "File": "src/Main.hs",
      "DefStart": 147,
      "DefEnd": 148,
      "Exported": false,
      "Local": false
    },
    {
      "Path": "haskell-simple-tests/Main/b/Value/a1zt",
      "TreePath": "haskell-simple-tests/Main/b/Value/a1zt",
      "Name": "b",
      "Kind": "Value",
      "File": "src/Main.hs",
      "DefStart": 152,
      "DefEnd": 153,
      "Exported": false,
      "Local": false
    },
    {
      "Path": "haskell-simple-tests/Main/bar/Value/a1Bq",
      "TreePath": "haskell-simple-tests/Main/bar/Value/a1Bq",
      "Name": "bar",
      "Kind": "Value",
      "File": "src/Main.hs",
      "DefStart": 303,
      "DefEnd": 306,
      "Exported": false,
      "Local": false
    },
    {
      "Path": "haskell-simple-tests/Main/dump/Value",
      "TreePath": "haskell-simple-tests/Main/dump/Value",
      "Name": "dump",
      "Kind": "Value",
      "File": "src/Main.hs",
      "DefStart": 176,
      "DefEnd": 218,
      "Exported": true,
      "Local": false
    },
    {
      "Path": "haskell-simple-tests/Main/dump/Value/a1SQ",
      "TreePath": "haskell-simple-tests/Main/dump/Value/a1SQ",
      "Name": "dump",
      "Kind": "Value",
      "File": "src/Main.hs",
      "DefStart": 322,
      "DefEnd": 338,
      "Exported": false,
      "Local": false
    },
    {
      "Path": "haskell-simple-tests/Main/foo/Value/a1Bp",
      "TreePath": "haskell-simple-tests/Main/foo/Value/a1Bp",
      "Name": "foo",
      "Kind": "Value",
      "File": "src/Main.hs",
      "DefStart": 288,
      "DefEnd": 291,
      "Exported": false,
      "Local": false
    },
    {
      "Path": "haskell-simple-tests/Main/hello/Value",
      "TreePath": "haskell-simple-tests/Main/hello/Value",
      "Name": "hello",
      "Kind": "Value",
      "File": "src/Main.hs",
      "DefStart": 220,
      "DefEnd": 274,
      "Exported": true,
      "Local": false
    },
    {
      "Path": "haskell-simple-tests/Main/identity/Value",
      "TreePath": "haskell-simple-tests/Main/identity/Value",
      "Name": "identity",
      "Kind": "Value",
      "File": "src/Main.hs",
      "DefStart": 161,
      "DefEnd": 174,
      "Exported": true,
      "Local": false
    },
    {
      "Path": "haskell-simple-tests/Main/main/Value",
      "TreePath": "haskell-simple-tests/Main/main/Value",
      "Name": "main",
      "Kind": "Value",
      "File": "src/Main.hs",
      "DefStart": 276,
      "DefEnd": 380,
      "Exported": true,
      "Local": false
    },
    {
      "Path": "haskell-simple-tests/Main/x/Value/a1Bo",
      "TreePath": "haskell-simple-tests/Main/x/Value/a1Bo",
      "Name": "x",
      "Kind": "Value",
      "File": "src/Main.hs",
      "DefStart": 203,
      "DefEnd": 204,
      "Exported": false,
      "Local": false
    }
  ],
  "Refs": [
    {
      "DefRepo": "",
      "DefUnitType": "HaskellPackage",
      "DefUnit": "",
      "DefPath": "base/Base/GHC/$/Value",
      "Def": false,
      "Repo": "",
      "File": "src/Main.hs",
      "Start": 356,
      "End": 357
    },
    {
      "DefRepo": "",
      "DefUnitType": "HaskellPackage",
      "DefUnit": "",
      "DefPath": "base/Base/GHC/id/Value",
      "Def": false,
      "Repo": "",
      "File": "src/Main.hs",
      "Start": 172,
      "End": 174
    },
    {
      "DefRepo": "",
      "DefUnitType": "HaskellPackage",
      "DefUnit": "",
      "DefPath": "base/Err/GHC/undefined/Value",
      "Def": false,
      "Repo": "",
      "File": "src/Main.hs",
      "Start": 329,
      "End": 338
    },
    {
      "DefRepo": "",
      "DefUnitType": "HaskellPackage",
      "DefUnit": "",
      "DefPath": "base/Err/GHC/undefined/Value",
      "Def": false,
      "Repo": "",
      "File": "src/Main.hs",
      "Start": 358,
      "End": 367
    },
    {
      "DefRepo": "",
      "DefUnitType": "HaskellPackage",
      "DefUnit": "",
      "DefPath": "base/IO/System/putStrLn/Value",
      "Def": false,
      "Repo": "",
      "File": "src/Main.hs",
      "Start": 186,
      "End": 194
    },
    {
      "DefRepo": "",
      "DefUnitType": "HaskellPackage",
      "DefUnit": "",
      "DefPath": "base/IO/System/putStrLn/Value",
      "Def": false,
      "Repo": "",
      "File": "src/Main.hs",
      "Start": 208,
      "End": 216
    },
    {
      "DefRepo": "",
      "DefUnitType": "HaskellPackage",
      "DefUnit": "",
      "DefPath": "haskell-simple-tests/Main/%%/Value/a1Bt",
      "Def": true,
      "Repo": "",
      "File": "src/Main.hs",
      "Start": 341,
      "End": 345
    },
    {
      "DefRepo": "",
      "DefUnitType": "HaskellPackage",
      "DefUnit": "",
      "DefPath": "haskell-simple-tests/Main/%%/Value",
      "Def": false,
      "Repo": "",
      "File": "src/Main.hs",
      "Start": 149,
      "End": 151
    },
    {
      "DefRepo": "",
      "DefUnitType": "HaskellPackage",
      "DefUnit": "",
      "DefPath": "haskell-simple-tests/Main/%%/Value",
      "Def": false,
      "Repo": "",
      "File": "src/Main.hs",
      "Start": 237,
      "End": 239
    },
    {
      "DefRepo": "",
      "DefUnitType": "HaskellPackage",
      "DefUnit": "",
      "DefPath": "haskell-simple-tests/Main/%%/Value",
      "Def": false,
      "Repo": "",
      "File": "src/Main.hs",
      "Start": 245,
      "End": 247
    },
    {
      "DefRepo": "",
      "DefUnitType": "HaskellPackage",
      "DefUnit": "",
      "DefPath": "haskell-simple-tests/Main/%%/Value",
      "Def": false,
      "Repo": "",
      "File": "src/Main.hs",
      "Start": 257,
      "End": 259
    },
    {
      "DefRepo": "",
      "DefUnitType": "HaskellPackage",
      "DefUnit": "",
      "DefPath": "haskell-simple-tests/Main/%%/Value",
      "Def": false,
      "Repo": "",
      "File": "src/Main.hs",
      "Start": 58,
      "End": 76
    },
    {
      "DefRepo": "",
      "DefUnitType": "HaskellPackage",
      "DefUnit": "",
      "DefPath": "haskell-simple-tests/Main/a/Value/a1zs",
      "Def": true,
      "Repo": "",
      "File": "src/Main.hs",
      "Start": 147,
      "End": 148
    },
    {
      "DefRepo": "",
      "DefUnitType": "HaskellPackage",
      "DefUnit": "",
      "DefPath": "haskell-simple-tests/Main/a/Value/a1zs",
      "Def": false,
      "Repo": "",
      "File": "src/Main.hs",
      "Start": 156,
      "End": 157
    },
    {
      "DefRepo": "",
      "DefUnitType": "HaskellPackage",
      "DefUnit": "",
      "DefPath": "haskell-simple-tests/Main/b/Value/a1zt",
      "Def": true,
      "Repo": "",
      "File": "src/Main.hs",
      "Start": 152,
      "End": 153
    },
    {
      "DefRepo": "",
      "DefUnitType": "HaskellPackage",
      "DefUnit": "",
      "DefPath": "haskell-simple-tests/Main/b/Value/a1zt",
      "Def": false,
      "Repo": "",
      "File": "src/Main.hs",
      "Start": 158,
      "End": 159
    },
    {
      "DefRepo": "",
      "DefUnitType": "HaskellPackage",
      "DefUnit": "",
      "DefPath": "haskell-simple-tests/Main/bar/Value/a1Bq",
      "Def": true,
      "Repo": "",
      "File": "src/Main.hs",
      "Start": 303,
      "End": 306
    },
    {
      "DefRepo": "",
      "DefUnitType": "HaskellPackage",
      "DefUnit": "",
      "DefPath": "haskell-simple-tests/Main/dump/Value/a1SQ",
      "Def": false,
      "Repo": "",
      "File": "src/Main.hs",
      "Start": 322,
      "End": 326
    },
    {
      "DefRepo": "",
      "DefUnitType": "HaskellPackage",
      "DefUnit": "",
      "DefPath": "haskell-simple-tests/Main/dump/Value/a1SQ",
      "Def": true,
      "Repo": "",
      "File": "src/Main.hs",
      "Start": 322,
      "End": 338
    },
    {
      "DefRepo": "",
      "DefUnitType": "HaskellPackage",
      "DefUnit": "",
      "DefPath": "haskell-simple-tests/Main/dump/Value/a1SQ",
      "Def": false,
      "Repo": "",
      "File": "src/Main.hs",
      "Start": 368,
      "End": 372
    },
    {
      "DefRepo": "",
      "DefUnitType": "HaskellPackage",
      "DefUnit": "",
      "DefPath": "haskell-simple-tests/Main/dump/Value",
      "Def": false,
      "Repo": "",
      "File": "src/Main.hs",
      "Start": 104,
      "End": 118
    },
    {
      "DefRepo": "",
      "DefUnitType": "HaskellPackage",
      "DefUnit": "",
      "DefPath": "haskell-simple-tests/Main/dump/Value",
      "Def": false,
      "Repo": "",
      "File": "src/Main.hs",
      "Start": 176,
      "End": 180
    },
    {
      "DefRepo": "",
      "DefUnitType": "HaskellPackage",
      "DefUnit": "",
      "DefPath": "haskell-simple-tests/Main/dump/Value",
      "Def": false,
      "Repo": "",
      "File": "src/Main.hs",
      "Start": 240,
      "End": 244
    },
    {
      "DefRepo": "",
      "DefUnitType": "HaskellPackage",
      "DefUnit": "",
      "DefPath": "haskell-simple-tests/Main/foo/Value/a1Bp",
      "Def": true,
      "Repo": "",
      "File": "src/Main.hs",
      "Start": 288,
      "End": 291
    },
    {
      "DefRepo": "",
      "DefUnitType": "HaskellPackage",
      "DefUnit": "",
      "DefPath": "haskell-simple-tests/Main/hello/Value",
      "Def": false,
      "Repo": "",
      "File": "src/Main.hs",
      "Start": 128,
      "End": 132
    },
    {
      "DefRepo": "",
      "DefUnitType": "HaskellPackage",
      "DefUnit": "",
      "DefPath": "haskell-simple-tests/Main/hello/Value",
      "Def": false,
      "Repo": "",
      "File": "src/Main.hs",
      "Start": 220,
      "End": 225
    },
    {
      "DefRepo": "",
      "DefUnitType": "HaskellPackage",
      "DefUnit": "",
      "DefPath": "haskell-simple-tests/Main/hello/Value",
      "Def": false,
      "Repo": "",
      "File": "src/Main.hs",
      "Start": 295,
      "End": 300
    },
    {
      "DefRepo": "",
      "DefUnitType": "HaskellPackage",
      "DefUnit": "",
      "DefPath": "haskell-simple-tests/Main/hello/Value",
      "Def": false,
      "Repo": "",
      "File": "src/Main.hs",
      "Start": 310,
      "End": 315
    },
    {
      "DefRepo": "",
      "DefUnitType": "HaskellPackage",
      "DefUnit": "",
      "DefPath": "haskell-simple-tests/Main/hello/Value",
      "Def": false,
      "Repo": "",
      "File": "src/Main.hs",
      "Start": 375,
      "End": 380
    },
    {
      "DefRepo": "",
      "DefUnitType": "HaskellPackage",
      "DefUnit": "",
      "DefPath": "haskell-simple-tests/Main/identity/Value",
      "Def": false,
      "Repo": "",
      "File": "src/Main.hs",
      "Start": 161,
      "End": 169
    },
    {
      "DefRepo": "",
      "DefUnitType": "HaskellPackage",
      "DefUnit": "",
      "DefPath": "haskell-simple-tests/Main/identity/Value",
      "Def": false,
      "Repo": "",
      "File": "src/Main.hs",
      "Start": 228,
      "End": 236
    },
    {
      "DefRepo": "",
      "DefUnitType": "HaskellPackage",
      "DefUnit": "",
      "DefPath": "haskell-simple-tests/Main/identity/Value",
      "Def": false,
      "Repo": "",
      "File": "src/Main.hs",
      "Start": 248,
      "End": 256
    },
    {
      "DefRepo": "",
      "DefUnitType": "HaskellPackage",
      "DefUnit": "",
      "DefPath": "haskell-simple-tests/Main/identity/Value",
      "Def": false,
      "Repo": "",
      "File": "src/Main.hs",
      "Start": 89,
      "End": 95
    },
    {
      "DefRepo": "",
      "DefUnitType": "HaskellPackage",
      "DefUnit": "",
      "DefPath": "haskell-simple-tests/Main/main/Value",
      "Def": false,
      "Repo": "",
      "File": "src/Main.hs",
      "Start": 141,
      "End": 145
    },
    {
      "DefRepo": "",
      "DefUnitType": "HaskellPackage",
      "DefUnit": "",
      "DefPath": "haskell-simple-tests/Main/main/Value",
      "Def": false,
      "Repo": "",
      "File": "src/Main.hs",
      "Start": 276,
      "End": 280
    },
    {
      "DefRepo": "",
      "DefUnitType": "HaskellPackage",
      "DefUnit": "",
      "DefPath": "haskell-simple-tests/Main/x/Value/a1Bo",
      "Def": true,
      "Repo": "",
      "File": "src/Main.hs",
      "Start": 203,
      "End": 204
    },
    {
      "DefRepo": "",
      "DefUnitType": "HaskellPackage",
      "DefUnit": "",
      "DefPath": "haskell-simple-tests/Main/x/Value/a1Bo",
      "Def": false,
      "Repo": "",
      "File": "src/Main.hs",
      "Start": 217,
      "End": 218
    }
  ]
}