{"Name":"haskell-simple-tests","Type":"HaskellPackage","Repo":"github.com/sgtest/haskell-simple-tests","Globs":["src/**/*.hs"],"Files":["src/Main.hs","Setup.hs"],"Dir":".","Dependencies":["base"],"Data":{"CabalFile":"haskell-simple-tests.cabal","Dirs":["src"]},"Ops":{"depresolve":{"Toolchain":"sourcegraph.com/sourcegraph/srclib-haskell","Subcmd":"depresolve"},"graph":{"Toolchain":"sourcegraph.com/sourcegraph/srclib-haskell","Subcmd":"graph"}}}
