{
  "Defs": [
    {
      "Path": "dlist/Data/DList",
      "Name": "DList",
      "Kind": "Module",
      "File": "Data/DList.hs",
      "DefStart": 0,
      "DefEnd": 0,
      "Exported": true,
      "TreePath": "dlist/Data/DList"
    },
    {
      "Path": "dlist/Setup",
      "Name": "Setup",
      "Kind": "Module",
      "File": "Setup.lhs",
      "DefStart": 0,
      "DefEnd": 0,
      "Exported": true,
      "TreePath": "dlist/Setup"
    },
    {
      "Path": "dlist/tests/Main",
      "Name": "Main",
      "Kind": "Module",
      "File": "tests/Main.hs",
      "DefStart": 0,
      "DefEnd": 0,
      "Exported": true,
      "TreePath": "dlist/tests/Main"
    }
  ],
  "Refs": [
    {
      "DefRepo": "github.com/haskell/cabal",
      "DefUnitType": "HaskellPackage",
      "DefUnit": "Cabal",
      "DefPath": "Cabal/Distribution/Simple",
      "File": "Setup.lhs",
      "Start": 9,
      "End": 0
    }
  ]
}