{"Name":"dlist","Type":"HaskellPackage","Repo":"github.com/spl/dlist","Globs":["**/*.hs"],"Files":["Data/DList.hs","tests/Main.hs","Setup.lhs"],"Dir":".","Dependencies":[["Cabal","-any"],["QuickCheck","\u003e=2.7 \u0026\u0026 \u003c2.8"],["base","-any"],["deepseq","\u003e=1.1 \u0026\u0026 \u003c2"],["dlist","-any"]],"Data":{"CabalFile":"dlist.cabal","Dirs":["."],"Rev":"master"},"Ops":{"depresolve":{"Toolchain":"sourcegraph.com/sourcegraph/srclib-haskell","Subcmd":"depresolve"},"graph":{"Toolchain":"sourcegraph.com/sourcegraph/srclib-haskell","Subcmd":"graph"}}}
