[{"Raw":["Cabal","-any"],"Target":{"ToVersionString":"1.22.1.1","ToUnit":"Cabal","ToRepoCloneURL":"https://github.com/haskell/cabal/","ToRevSpec":"master","ToUnitType":"HaskellPackage"}},{"Raw":["QuickCheck",">=2.7 && <2.8"],"Target":{"ToVersionString":"2.7.6","ToUnit":"QuickCheck","ToRepoCloneURL":"https://github.com/nick8325/quickcheck","ToRevSpec":"2.7.6","ToUnitType":"HaskellPackage"}},{"Raw":["base","-any"],"Target":{"ToVersionString":"4.7.0.1","ToUnit":"base","ToRepoCloneURL":"git.haskell.org/packages/base.git","ToRevSpec":"ghc-7.8","ToUnitType":"HaskellPackage"}},{"Raw":["deepseq",">=1.1 && <2"],"Target":{"ToVersionString":"1.4.0.0","ToUnit":"deepseq","ToRepoCloneURL":"https://github.com/haskell/deepseq.git","ToRevSpec":"master","ToUnitType":"HaskellPackage"}},{"Raw":["dlist","-any"],"Target":{"ToVersionString":"0.7.1","ToUnit":"dlist","ToRepoCloneURL":"git://github.com/spl/dlist.git","ToRevSpec":"master","ToUnitType":"HaskellPackage"}}]
